Archive member included to satisfy reference by file (symbol)

/opt/gcc-arm-none-eabi-9-2020-q2-update/bin/../lib/gcc/arm-none-eabi/9.3.1/../../../../arm-none-eabi/lib/thumb/v8-m.main/nofp/libg.a(lib_a-ctype_.o)
                              ./build/obj/chscanf.o (symbol from plugin) (_ctype_)
/opt/gcc-arm-none-eabi-9-2020-q2-update/bin/../lib/gcc/arm-none-eabi/9.3.1/../../../../arm-none-eabi/lib/thumb/v8-m.main/nofp/libg.a(lib_a-memcpy.o)
                              /tmp/ch.elf.M99srx.ltrans0.ltrans.o (memcpy)

Discarded input sections

 .data          0x0000000000000000        0x0 ./build/obj/vectors.o
 .bss           0x0000000000000000        0x0 ./build/obj/vectors.o
 .data          0x0000000000000000        0x0 ./build/obj/crt0_v8m-ml.o
 .bss           0x0000000000000000        0x0 ./build/obj/crt0_v8m-ml.o
 .data          0x0000000000000000        0x0 ./build/obj/chcoreasm.o
 .bss           0x0000000000000000        0x0 ./build/obj/chcoreasm.o
 .text          0x0000000000000000        0x0 /tmp/ch.elf.M99srx.ltrans0.ltrans.o
 .data          0x0000000000000000        0x0 /tmp/ch.elf.M99srx.ltrans0.ltrans.o
 .bss           0x0000000000000000        0x0 /tmp/ch.elf.M99srx.ltrans0.ltrans.o
 .comment       0x0000000000000000       0x4d /tmp/ccXf3awK.debug.temp.o
 .comment       0x0000000000000000       0x4d /tmp/cc8cjPpR.debug.temp.o
 .comment       0x0000000000000000       0x4d /tmp/cc90yujY.debug.temp.o
 .comment       0x0000000000000000       0x4d /tmp/ccCjJad5.debug.temp.o
 .comment       0x0000000000000000       0x4d /tmp/ccTJMR6b.debug.temp.o
 .comment       0x0000000000000000       0x4d /tmp/ccOGQz0i.debug.temp.o
 .comment       0x0000000000000000       0x4d /tmp/cc7xNiUp.debug.temp.o
 .debug_info    0x0000000000000000     0x18c2 /tmp/ccQ2B2Nw.debug.temp.o
 .debug_abbrev  0x0000000000000000      0x202 /tmp/ccQ2B2Nw.debug.temp.o
 .debug_line    0x0000000000000000      0x36b /tmp/ccQ2B2Nw.debug.temp.o
 .debug_str     0x0000000000000000     0x103f /tmp/ccQ2B2Nw.debug.temp.o
 .comment       0x0000000000000000       0x4d /tmp/ccQ2B2Nw.debug.temp.o
 .debug_info    0x0000000000000000     0x19fb /tmp/ccRMfNHD.debug.temp.o
 .debug_abbrev  0x0000000000000000      0x253 /tmp/ccRMfNHD.debug.temp.o
 .debug_line    0x0000000000000000      0x3ec /tmp/ccRMfNHD.debug.temp.o
 .debug_str     0x0000000000000000     0x10b0 /tmp/ccRMfNHD.debug.temp.o
 .comment       0x0000000000000000       0x4d /tmp/ccRMfNHD.debug.temp.o
 .comment       0x0000000000000000       0x4d /tmp/cc2hLyBK.debug.temp.o
 .comment       0x0000000000000000       0x4d /tmp/ccjgglvR.debug.temp.o
 .comment       0x0000000000000000       0x4d /tmp/ccqrG8oY.debug.temp.o
 .comment       0x0000000000000000       0x4d /tmp/ccntYWi5.debug.temp.o
 .comment       0x0000000000000000       0x4d /tmp/ccUn5Lcc.debug.temp.o
 .comment       0x0000000000000000       0x4d /tmp/ccP61B6i.debug.temp.o
 .comment       0x0000000000000000       0x4d /tmp/ccyt0s0p.debug.temp.o
 .comment       0x0000000000000000       0x4d /tmp/cc97VkUw.debug.temp.o
 .debug_info    0x0000000000000000     0x18c2 /tmp/ccElHdOD.debug.temp.o
 .debug_abbrev  0x0000000000000000      0x202 /tmp/ccElHdOD.debug.temp.o
 .debug_line    0x0000000000000000      0x36b /tmp/ccElHdOD.debug.temp.o
 .debug_str     0x0000000000000000     0x1049 /tmp/ccElHdOD.debug.temp.o
 .comment       0x0000000000000000       0x4d /tmp/ccElHdOD.debug.temp.o
 .comment       0x0000000000000000       0x4d /tmp/ccTwh7HK.debug.temp.o
 .debug_info    0x0000000000000000      0xcdc /tmp/ccYWF1BR.debug.temp.o
 .debug_abbrev  0x0000000000000000      0x182 /tmp/ccYWF1BR.debug.temp.o
 .debug_line    0x0000000000000000      0x2ce /tmp/ccYWF1BR.debug.temp.o
 .debug_str     0x0000000000000000      0x975 /tmp/ccYWF1BR.debug.temp.o
 .comment       0x0000000000000000       0x4d /tmp/ccYWF1BR.debug.temp.o
 .comment       0x0000000000000000       0x4d /tmp/ccX3PWvY.debug.temp.o
 .comment       0x0000000000000000       0x4d /tmp/ccmIOSp5.debug.temp.o
 .debug_info    0x0000000000000000      0xcdc /tmp/ccDuxPjc.debug.temp.o
 .debug_abbrev  0x0000000000000000      0x182 /tmp/ccDuxPjc.debug.temp.o
 .debug_line    0x0000000000000000      0x2ce /tmp/ccDuxPjc.debug.temp.o
 .debug_str     0x0000000000000000      0x96f /tmp/ccDuxPjc.debug.temp.o
 .comment       0x0000000000000000       0x4d /tmp/ccDuxPjc.debug.temp.o
 .debug_info    0x0000000000000000      0xcdc /tmp/cccMXMdj.debug.temp.o
 .debug_abbrev  0x0000000000000000      0x182 /tmp/cccMXMdj.debug.temp.o
 .debug_line    0x0000000000000000      0x2ce /tmp/cccMXMdj.debug.temp.o
 .debug_str     0x0000000000000000      0x96f /tmp/cccMXMdj.debug.temp.o
 .comment       0x0000000000000000       0x4d /tmp/cccMXMdj.debug.temp.o
 .comment       0x0000000000000000       0x4d /tmp/cc3k6K7p.debug.temp.o
 .comment       0x0000000000000000       0x4d /tmp/ccEB3J1w.debug.temp.o
 .comment       0x0000000000000000       0x4d /tmp/ccBPNJVD.debug.temp.o
[...]
Memory Configuration

Name             Origin             Length             Attributes
flash0           0x0000000008000000 0x0000000000080000 xr
flash1           0x000000000c000000 0x0000000000000000 xr
flash2           0x0000000000000000 0x0000000000000000 xr
flash3           0x0000000000000000 0x0000000000000000 xr
flash4           0x0000000000000000 0x0000000000000000 xr
flash5           0x0000000000000000 0x0000000000000000 xr
flash6           0x0000000000000000 0x0000000000000000 xr
flash7           0x0000000000000000 0x0000000000000000 xr
ram0             0x0000000020000000 0x0000000000020000 xw
ram1             0x0000000020000000 0x0000000000000000 xw
ram2             0x0000000020030000 0x0000000000000000 xw
ram3             0x0000000030000000 0x0000000000000000 xw
ram4             0x0000000030000000 0x0000000000000000 xw
ram5             0x0000000030030000 0x0000000000000000 xw
ram6             0x0000000000000000 0x0000000000000000 xw
ram7             0x0000000000000000 0x0000000000000000 xw
*default*        0x0000000000000000 0xffffffffffffffff

Linker script and memory map

LOAD ./build/obj/vectors.o
LOAD ./build/obj/crt0_v8m-ml.o
LOAD ./build/obj/chcoreasm.o
LOAD ./build/obj/crt1.o
LOAD /tmp/ch.elf.M99srx.ltrans0.ltrans.o
LOAD /tmp/ccXf3awK.debug.temp.o
LOAD /tmp/cc8cjPpR.debug.temp.o
LOAD /tmp/cc90yujY.debug.temp.o
LOAD /tmp/ccCjJad5.debug.temp.o
LOAD /tmp/ccTJMR6b.debug.temp.o
LOAD /tmp/ccOGQz0i.debug.temp.o
LOAD /tmp/cc7xNiUp.debug.temp.o
LOAD /tmp/ccQ2B2Nw.debug.temp.o
LOAD /tmp/ccRMfNHD.debug.temp.o
LOAD /tmp/cc2hLyBK.debug.temp.o
LOAD /tmp/ccjgglvR.debug.temp.o
LOAD /tmp/ccqrG8oY.debug.temp.o
LOAD /tmp/ccntYWi5.debug.temp.o
LOAD /tmp/ccUn5Lcc.debug.temp.o
LOAD /tmp/ccP61B6i.debug.temp.o
LOAD /tmp/ccyt0s0p.debug.temp.o
LOAD /tmp/cc97VkUw.debug.temp.o
LOAD /tmp/ccElHdOD.debug.temp.o
LOAD /tmp/ccTwh7HK.debug.temp.o
LOAD /tmp/ccYWF1BR.debug.temp.o
LOAD /tmp/ccX3PWvY.debug.temp.o
LOAD /tmp/ccmIOSp5.debug.temp.o
LOAD /tmp/ccDuxPjc.debug.temp.o
LOAD /tmp/cccMXMdj.debug.temp.o
LOAD /tmp/cc3k6K7p.debug.temp.o
LOAD /tmp/ccEB3J1w.debug.temp.o
LOAD /tmp/ccBPNJVD.debug.temp.o
LOAD /tmp/cccyhKPK.debug.temp.o
LOAD /tmp/ccxmELJR.debug.temp.o
LOAD /tmp/ccGoPNDY.debug.temp.o
LOAD /tmp/ccVHLQx5.debug.temp.o
LOAD /tmp/cc4ByUrc.debug.temp.o
LOAD /tmp/ccBYh0lj.debug.temp.o
LOAD /tmp/cceqO6fq.debug.temp.o
LOAD /tmp/ccDobeax.debug.temp.o
LOAD /tmp/ccaVjm4D.debug.temp.o
LOAD /tmp/cczjcvYK.debug.temp.o
LOAD /tmp/ccaMPESR.debug.temp.o
LOAD /tmp/ccd7bPMY.debug.temp.o
LOAD /tmp/ccmHi0G5.debug.temp.o
LOAD /tmp/ccLVbcBc.debug.temp.o
LOAD /tmp/ccAlQovj.debug.temp.o
LOAD /tmp/ccpNhCpq.debug.temp.o
LOAD /tmp/cc6swQjx.debug.temp.o
LOAD /tmp/cc5Ft5dE.debug.temp.o
LOAD /tmp/cceqjl8K.debug.temp.o
LOAD /tmp/cc3zXB2R.debug.temp.o
LOAD /tmp/ccqRiTWY.debug.temp.o
LOAD /tmp/ccfPobR5.debug.temp.o
LOAD /tmp/ccYpmuLc.debug.temp.o
LOAD /tmp/cctDdOFj.debug.temp.o
LOAD /tmp/ccCT58zq.debug.temp.o
LOAD /tmp/ccd8Juux.debug.temp.o
LOAD /tmp/ccGK8QoE.debug.temp.o
LOAD /tmp/ccf8pejL.debug.temp.o
LOAD /tmp/cc6iyCdS.debug.temp.o
LOAD /tmp/ccfru17Y.debug.temp.o
LOAD /tmp/ccCigr25.debug.temp.o
LOAD /tmp/ccz2QRWc.debug.temp.o
LOAD /tmp/cc8RejRj.debug.temp.o
LOAD /tmp/ccbPsLLq.debug.temp.o
LOAD /tmp/ccmQseGx.debug.temp.o
LOAD /tmp/cctxdIAE.debug.temp.o
LOAD ./build/obj/hal.o
LOAD ./build/obj/hal_st.o
LOAD ./build/obj/hal_buffered_serial.o
LOAD ./build/obj/hal_buffers.o
LOAD ./build/obj/hal_queues.o
LOAD ./build/obj/hal_flash.o
LOAD ./build/obj/hal_mmcsd.o
LOAD ./build/obj/hal_pal.o
LOAD ./build/obj/hal_serial.o
LOAD ./build/obj/hal_usb.o
LOAD ./build/obj/hal_lld.o
LOAD ./build/obj/hal_st_lld.o
LOAD ./build/obj/hal_pal_lld.o
LOAD ./build/obj/hal_serial_lld.o
LOAD ./build/obj/hal_usb_lld.o
LOAD ./build/obj/nvic.o
LOAD ./build/obj/sau.o
LOAD ./build/obj/board.o
LOAD ./build/obj/osal.o
LOAD ./build/obj/chsys.o
LOAD ./build/obj/chrfcu.o
LOAD ./build/obj/chdebug.o
LOAD ./build/obj/chtrace.o
LOAD ./build/obj/chvt.o
LOAD ./build/obj/chschd.o
LOAD ./build/obj/chinstances.o
LOAD ./build/obj/chthreads.o
LOAD ./build/obj/chtm.o
LOAD ./build/obj/chregistry.o
LOAD ./build/obj/chsem.o
LOAD ./build/obj/chmtx.o
LOAD ./build/obj/chcond.o
LOAD ./build/obj/chevents.o
LOAD ./build/obj/chmsg.o
LOAD ./build/obj/chdynamic.o
LOAD ./build/obj/chmemchecks.o
LOAD ./build/obj/chmboxes.o
LOAD ./build/obj/chmemcore.o
LOAD ./build/obj/chmemheaps.o
LOAD ./build/obj/chmempools.o
LOAD ./build/obj/chpipes.o
LOAD ./build/obj/chobjcaches.o
LOAD ./build/obj/chdelegates.o
LOAD ./build/obj/chfactory.o
LOAD ./build/obj/chcore.o
LOAD ./build/obj/system_gd32e50x.o
LOAD ./build/obj/gd32e50x_misc.o
LOAD ./build/obj/gd32e50x_rcu.o
LOAD ./build/obj/gd32e50x_timer.o
LOAD ./build/obj/gd32e50x_usart.o
LOAD ./build/obj/gd32e50x_gpio.o
LOAD ./build/obj/drv_usb_core.o
LOAD ./build/obj/drv_usb_dev.o
LOAD ./build/obj/drv_usbd_int.o
LOAD ./build/obj/chprintf.o
LOAD ./build/obj/chscanf.o
LOAD ./build/obj/memstreams.o
LOAD ./build/obj/nullstreams.o
LOAD ./build/obj/bufstreams.o
LOAD ./build/obj/main.o
LOAD ./build/obj/usb_user.o
LOAD ./build/obj/usbcfg.o

.mstack         0x0000000020000000      0x400
                0x0000000020000000                . = ALIGN (0x8)
                0x0000000020000000                __main_stack_base__ = .
                0x0000000020000400                . = (. + __main_stack_size__)
 *fill*         0x0000000020000000      0x400 
                0x0000000020000400                . = ALIGN (0x8)
                0x0000000020000400                __main_stack_end__ = .

.pstack         0x0000000020000400      0x400
                0x0000000020000400                . = ALIGN (0x8)
                0x0000000020000400                __process_stack_base__ = .
                0x0000000020000400                __main_thread_stack_base__ = .
                0x0000000020000800                . = (. + __process_stack_size__)
 *fill*         0x0000000020000400      0x400 
                0x0000000020000800                . = ALIGN (0x8)
                0x0000000020000800                __process_stack_end__ = .
                0x0000000020000800                __main_thread_stack_end__ = .

.vectors        0x0000000008000000      0x1a0
                0x0000000008000000                __textvectors_base__ = LOADADDR (.vectors)
                0x0000000008000000                __vectors_base__ = .
 *(.vectors)
 .vectors       0x0000000008000000      0x1a0 ./build/obj/vectors.o
                0x0000000008000000                _vectors
                0x00000000080001a0                __vectors_end__ = .

.xtors          0x00000000080001a0        0x0
                0x00000000080001a0                __init_array_base__ = .
 *(SORT_BY_NAME(.init_array.*))
 *(.init_array)
                0x00000000080001a0                __init_array_end__ = .
                0x00000000080001a0                __fini_array_base__ = .
 *(.fini_array)
 *(SORT_BY_NAME(.fini_array.*))
                0x00000000080001a0                __fini_array_end__ = .

.text           0x00000000080001a0     0x1ca4
                0x00000000080001a0                __text_base__ = .
 *(.text)
 .text          0x00000000080001a0        0x8 ./build/obj/vectors.o
                0x00000000080001a0                Reset_Handler
                0x00000000080001a2                Vector58
                0x00000000080001a2                VectorE8
                0x00000000080001a2                Vector9C
                0x00000000080001a2                VectorAC
                0x00000000080001a2                DebugMon_Handler
                0x00000000080001a2                Vector5C
                0x00000000080001a2                Vector11C
                0x00000000080001a2                HardFault_Handler
                0x00000000080001a2                Vector19C
                0x00000000080001a2                Vector8C
                0x00000000080001a2                SysTick_Handler
                0x00000000080001a2                VectorDC
                0x00000000080001a2                PendSV_Handler
                0x00000000080001a2                Vector168
                0x00000000080001a2                NMI_Handler
                0x00000000080001a2                Vector120
                0x00000000080001a2                VectorC8
                0x00000000080001a2                Vector94
                0x00000000080001a2                VectorA8
                0x00000000080001a2                VectorB4
                0x00000000080001a2                Vector74
                0x00000000080001a2                Vector160
                0x00000000080001a2                UsageFault_Handler
                0x00000000080001a2                VectorEC
                0x00000000080001a2                Vector40
                0x00000000080001a2                VectorF8
                0x00000000080001a2                Vector108
                0x00000000080001a2                VectorBC
                0x00000000080001a2                Vector190
                0x00000000080001a2                Vector150
                0x00000000080001a2                Vector124
                0x00000000080001a2                Vector148
                0x00000000080001a2                Vector188
                0x00000000080001a2                Vector198
                0x00000000080001a2                Vector118
                0x00000000080001a2                Vector64
                0x00000000080001a2                VectorCC
                0x00000000080001a2                Vector54
                0x00000000080001a2                Vector98
                0x00000000080001a2                VectorD8
                0x00000000080001a2                Vector138
                0x00000000080001a2                Vector24
                0x00000000080001a2                Vector178
                0x00000000080001a2                Vector84
                0x00000000080001a2                SecureFault_Handler
                0x00000000080001a2                VectorD0
                0x00000000080001a2                Vector140
                0x00000000080001a2                VectorE4
                0x00000000080001a2                VectorC0
                0x00000000080001a2                Vector158
                0x00000000080001a2                Vector130
                0x00000000080001a2                Vector134
                0x00000000080001a2                VectorF0
                0x00000000080001a2                Vector12C
                0x00000000080001a2                Vector13C
                0x00000000080001a2                Vector100
                0x00000000080001a2                VectorE0
                0x00000000080001a2                VectorF4
                0x00000000080001a2                MemManage_Handler
                0x00000000080001a2                Vector6C
                0x00000000080001a2                VectorA0
                0x00000000080001a2                VectorC4
                0x00000000080001a2                Vector7C
                0x00000000080001a2                Vector180
                0x00000000080001a2                Vector90
                0x00000000080001a2                Vector164
                0x00000000080001a2                Vector60
                0x00000000080001a2                Vector17C
                0x00000000080001a2                Vector48
                0x00000000080001a2                Vector16C
                0x00000000080001a2                Vector70
                0x00000000080001a2                VectorD4
                0x00000000080001a2                Vector4C
                0x00000000080001a2                Vector144
                0x00000000080001a2                Vector80
                0x00000000080001a2                Vector15C
                0x00000000080001a2                Vector68
                0x00000000080001a2                Vector78
                0x00000000080001a2                Vector170
                0x00000000080001a2                Vector88
                0x00000000080001a2                Vector104
                0x00000000080001a2                Vector184
                0x00000000080001a2                Vector10C
                0x00000000080001a2                BusFault_Handler
                0x00000000080001a2                Vector50
                0x00000000080001a2                Vector194
                0x00000000080001a2                Vector154
                0x00000000080001a2                Vector44
                0x00000000080001a2                Vector28
                0x00000000080001a2                VectorB8
                0x00000000080001a2                VectorFC
                0x00000000080001a2                Vector34
                0x00000000080001a2                Vector128
                0x00000000080001a2                VectorA4
                0x00000000080001a2                Vector20
                0x00000000080001a2                Vector18C
                0x00000000080001a2                Vector174
                0x00000000080001a6                _unhandled_exception
 .text          0x00000000080001a8       0xe4 ./build/obj/crt0_v8m-ml.o
                0x00000000080001a8                _crt0_entry
 .text          0x000000000800028c       0x2a ./build/obj/chcoreasm.o
                0x000000000800028c                __port_switch
                0x000000000800029c                __port_thread_start
                0x00000000080002ae                __port_switch_from_isr
                0x00000000080002b2                __port_exit_from_isr
 *fill*         0x00000000080002b6        0x2 
 .text          0x00000000080002b8       0xec /opt/gcc-arm-none-eabi-9-2020-q2-update/bin/../lib/gcc/arm-none-eabi/9.3.1/../../../../arm-none-eabi/lib/thumb/v8-m.main/nofp/libg.a(lib_a-memcpy.o)
                0x00000000080002b8                memcpy
 *(.text.*)
 *fill*         0x00000000080003a4        0xc 
 .text.sdObjectInit.constprop.0
                0x00000000080003b0       0x58 /tmp/ch.elf.M99srx.ltrans0.ltrans.o
 *fill*         0x0000000008000408        0x8 
 .text.gpio_init.constprop.0
                0x0000000008000410       0x6c /tmp/ch.elf.M99srx.ltrans0.ltrans.o
 *fill*         0x000000000800047c        0x4 
 .text.__idle_thread
                0x0000000008000480        0x4 /tmp/ch.elf.M99srx.ltrans0.ltrans.o
 *fill*         0x0000000008000484        0xc 
 .text.chCoreAllocFromTop
                0x0000000008000490       0x3c /tmp/ch.elf.M99srx.ltrans0.ltrans.o
 *fill*         0x00000000080004cc        0x4 
 .text.notify3  0x00000000080004d0       0x10 /tmp/ch.elf.M99srx.ltrans0.ltrans.o
 .text.notify4  0x00000000080004e0       0x10 /tmp/ch.elf.M99srx.ltrans0.ltrans.o
 .text.rcu_clock_freq_get
                0x00000000080004f0      0x174 /tmp/ch.elf.M99srx.ltrans0.ltrans.o
 *fill*         0x0000000008000664        0xc 
 .text.rcu_periph_clock_enable
                0x0000000008000670       0x1c /tmp/ch.elf.M99srx.ltrans0.ltrans.o
 *fill*         0x000000000800068c        0x4 
 .text.__port_irq_epilogue
                0x0000000008000690       0x4c /tmp/ch.elf.M99srx.ltrans0.ltrans.o
 *fill*         0x00000000080006dc        0x4 
 .text.chCoreAllocAlignedI
                0x00000000080006e0       0x28 /tmp/ch.elf.M99srx.ltrans0.ltrans.o
 *fill*         0x0000000008000708        0x8 
 .text.chTMStopMeasurementX
                0x0000000008000710       0x44 /tmp/ch.elf.M99srx.ltrans0.ltrans.o
 *fill*         0x0000000008000754        0xc 
 .text.chTMStartMeasurementX
                0x0000000008000760        0xc /tmp/ch.elf.M99srx.ltrans0.ltrans.o
 *fill*         0x000000000800076c        0x4 
 .text._ctl     0x0000000008000770       0x18 /tmp/ch.elf.M99srx.ltrans0.ltrans.o
 *fill*         0x0000000008000788        0x8 
 .text.vt_insert_first.constprop.0
                0x0000000008000790       0x74 /tmp/ch.elf.M99srx.ltrans0.ltrans.o
 *fill*         0x0000000008000804        0xc 
 .text.__sch_wakeup
                0x0000000008000810       0x70 /tmp/ch.elf.M99srx.ltrans0.ltrans.o
 .text.chSchReadyI
                0x0000000008000880       0x20 /tmp/ch.elf.M99srx.ltrans0.ltrans.o
 .text.chEvtBroadcastFlagsI
                0x00000000080008a0       0x58 /tmp/ch.elf.M99srx.ltrans0.ltrans.o
 *fill*         0x00000000080008f8        0x8 
 .text.sd_lld_serve_interrupt
                0x0000000008000900      0x114 /tmp/ch.elf.M99srx.ltrans0.ltrans.o
 *fill*         0x0000000008000a14        0xc 
 .text.vt_set_alarm
                0x0000000008000a20       0x50 /tmp/ch.elf.M99srx.ltrans0.ltrans.o
 .text.chprintf.constprop.0
                0x0000000008000a70      0x4a8 /tmp/ch.elf.M99srx.ltrans0.ltrans.o
 *fill*         0x0000000008000f18        0x8 
 .text.chSchGoSleepS
                0x0000000008000f20       0x28 /tmp/ch.elf.M99srx.ltrans0.ltrans.o
 *fill*         0x0000000008000f48        0x8 
 .text.chThdEnqueueTimeoutS
                0x0000000008000f50      0x108 /tmp/ch.elf.M99srx.ltrans0.ltrans.o
 *fill*         0x0000000008001058        0x8 
 .text.oqPutTimeout
                0x0000000008001060       0x54 /tmp/ch.elf.M99srx.ltrans0.ltrans.o
 *fill*         0x00000000080010b4        0xc 
 .text._putt    0x00000000080010c0        0x8 /tmp/ch.elf.M99srx.ltrans0.ltrans.o
 *fill*         0x00000000080010c8        0x8 
 .text._put     0x00000000080010d0        0xc /tmp/ch.elf.M99srx.ltrans0.ltrans.o
 *fill*         0x00000000080010dc        0x4 
 .text.iqGetTimeout
                0x00000000080010e0       0x54 /tmp/ch.elf.M99srx.ltrans0.ltrans.o
 *fill*         0x0000000008001134        0xc 
 .text._gett    0x0000000008001140        0x8 /tmp/ch.elf.M99srx.ltrans0.ltrans.o
 *fill*         0x0000000008001148        0x8 
 .text._get     0x0000000008001150        0xc /tmp/ch.elf.M99srx.ltrans0.ltrans.o
 *fill*         0x000000000800115c        0x4 
 .text.oqWriteTimeout
                0x0000000008001160       0xd4 /tmp/ch.elf.M99srx.ltrans0.ltrans.o
 *fill*         0x0000000008001234        0xc 
 .text._writet  0x0000000008001240        0x8 /tmp/ch.elf.M99srx.ltrans0.ltrans.o
 *fill*         0x0000000008001248        0x8 
 .text._write   0x0000000008001250        0xc /tmp/ch.elf.M99srx.ltrans0.ltrans.o
 *fill*         0x000000000800125c        0x4 
 .text.iqReadTimeout
                0x0000000008001260       0xd8 /tmp/ch.elf.M99srx.ltrans0.ltrans.o
 *fill*         0x0000000008001338        0x8 
 .text._readt   0x0000000008001340        0x8 /tmp/ch.elf.M99srx.ltrans0.ltrans.o
 *fill*         0x0000000008001348        0x8 
 .text._read    0x0000000008001350        0xc /tmp/ch.elf.M99srx.ltrans0.ltrans.o
 *fill*         0x000000000800135c        0x4 
 .text.startup.main
                0x0000000008001360      0x618 /tmp/ch.elf.M99srx.ltrans0.ltrans.o
                0x0000000008001360                main
 *fill*         0x0000000008001978        0x8 
 .text.SVC_Handler
                0x0000000008001980       0x14 /tmp/ch.elf.M99srx.ltrans0.ltrans.o
                0x0000000008001980                SVC_Handler
 *fill*         0x0000000008001994        0xc 
 .text.chThdExit
                0x00000000080019a0       0x58 /tmp/ch.elf.M99srx.ltrans0.ltrans.o
                0x00000000080019a0                chThdExit
 *fill*         0x00000000080019f8        0x8 
 .text.chSchDoPreemption
                0x0000000008001a00       0x3c /tmp/ch.elf.M99srx.ltrans0.ltrans.o
                0x0000000008001a00                chSchDoPreemption
 *fill*         0x0000000008001a3c        0x4 
 .text.__early_init
                0x0000000008001a40      0x1f0 /tmp/ch.elf.M99srx.ltrans0.ltrans.o
                0x0000000008001a40                __early_init
 .text.Vector14C
                0x0000000008001c30       0x10 /tmp/ch.elf.M99srx.ltrans0.ltrans.o
                0x0000000008001c30                Vector14C
 .text.Vector114
                0x0000000008001c40       0x44 /tmp/ch.elf.M99srx.ltrans0.ltrans.o
                0x0000000008001c40                Vector114
 *fill*         0x0000000008001c84        0xc 
 .text.Vector110
                0x0000000008001c90       0x14 /tmp/ch.elf.M99srx.ltrans0.ltrans.o
                0x0000000008001c90                Vector110
 *fill*         0x0000000008001ca4        0xc 
 .text.VectorB0
                0x0000000008001cb0       0xf8 /tmp/ch.elf.M99srx.ltrans0.ltrans.o
                0x0000000008001cb0                VectorB0
 *fill*         0x0000000008001da8        0x8 
 .text.__init_ram_areas
                0x0000000008001db0       0x68 /tmp/ch.elf.M99srx.ltrans0.ltrans.o
                0x0000000008001db0                __init_ram_areas
 *fill*         0x0000000008001e18        0x8 
 .text.__default_exit
                0x0000000008001e20        0x4 /tmp/ch.elf.M99srx.ltrans0.ltrans.o
                0x0000000008001e20                __default_exit
 *fill*         0x0000000008001e24        0xc 
 .text.__late_init
                0x0000000008001e30        0x4 /tmp/ch.elf.M99srx.ltrans0.ltrans.o
                0x0000000008001e30                __late_init
 *fill*         0x0000000008001e34        0xc 
 .text.__cpu_init
                0x0000000008001e40        0x4 /tmp/ch.elf.M99srx.ltrans0.ltrans.o
                0x0000000008001e40                __cpu_init
 *(.glue_7t)
 .glue_7t       0x0000000008001e44        0x0 linker stubs
 *(.glue_7)
 .glue_7        0x0000000008001e44        0x0 linker stubs
 *(.gcc*)
                0x0000000008001e44                __text_end__ = .

.vfp11_veneer   0x0000000008001e44        0x0
 .vfp11_veneer  0x0000000008001e44        0x0 linker stubs

.v4_bx          0x0000000008001e44        0x0
 .v4_bx         0x0000000008001e44        0x0 linker stubs

.iplt           0x0000000008001e44        0x0
 .iplt          0x0000000008001e44        0x0 ./build/obj/vectors.o

.rodata         0x0000000008001e44      0x12c
                0x0000000008001e44                __rodata_base__ = .
 *(.rodata)
 .rodata        0x0000000008001e44       0x18 /tmp/ch.elf.M99srx.ltrans0.ltrans.o
 *(.rodata.*)
 .rodata.chprintf.constprop.0.str1.4
                0x0000000008001e5c       0x1f /tmp/ch.elf.M99srx.ltrans0.ltrans.o
 *fill*         0x0000000008001e7b        0x1 
 .rodata.main.str1.4
                0x0000000008001e7c        0x5 /tmp/ch.elf.M99srx.ltrans0.ltrans.o
 *fill*         0x0000000008001e81        0x3 
 .rodata.str1.4
                0x0000000008001e84        0x3 /tmp/ch.elf.M99srx.ltrans0.ltrans.o
 *fill*         0x0000000008001e87        0x1 
 .rodata.ch_core0_cfg
                0x0000000008001e88       0x14 /tmp/ch.elf.M99srx.ltrans0.ltrans.o
 .rodata.ch_debug
                0x0000000008001e9c       0x2c /tmp/ch.elf.M99srx.ltrans0.ltrans.o
 .rodata.ram_areas
                0x0000000008001ec8       0x80 /tmp/ch.elf.M99srx.ltrans0.ltrans.o
 .rodata.vmt    0x0000000008001f48       0x28 /tmp/ch.elf.M99srx.ltrans0.ltrans.o
                0x0000000008001f70                . = ALIGN (0x4)
                0x0000000008001f70                __rodata_end__ = .

.rel.dyn        0x0000000008001f70        0x0
 .rel.iplt      0x0000000008001f70        0x0 ./build/obj/vectors.o

.ARM.extab
 *(.ARM.extab* .gnu.linkonce.armextab.*)

.ARM.exidx      0x0000000008001f70        0x0
                0x0000000008001f70                __exidx_base__ = .
                0x0000000008001f70                __exidx_start = .
 *(.ARM.exidx* .gnu.linkonce.armexidx.*)
                0x0000000008001f70                __exidx_end__ = .
                0x0000000008001f70                __exidx_end = .

.eh_frame_hdr
 *(.eh_frame_hdr)

.eh_frame
 *(.eh_frame)

.data           0x0000000020000800        0x0 load address 0x0000000008001f70
                [!provide]                        PROVIDE (_textdata = LOADADDR (.data))
                [!provide]                        PROVIDE (_data = .)
                0x0000000008001f70                __textdata_base__ = LOADADDR (.data)
                0x0000000020000800                __data_base__ = .
 *(.data)
 *(.data.*)
 *(.ramtext)
                0x0000000020000800                . = ALIGN (0x4)
                [!provide]                        PROVIDE (_edata = .)
                0x0000000020000800                __data_end__ = .

.igot.plt       0x0000000020000800        0x0 load address 0x0000000008001f70
 .igot.plt      0x0000000020000800        0x0 ./build/obj/vectors.o

.bss            0x0000000020000800      0x7a4 load address 0x0000000008001f70
                0x0000000020000800                __bss_base__ = .
 *(.bss)
 *(.bss.*)
 .bss.SD3       0x0000000020000800      0x258 /tmp/ch.elf.M99srx.ltrans0.ltrans.o
 .bss.SD4       0x0000000020000a58      0x258 /tmp/ch.elf.M99srx.ltrans0.ltrans.o
 .bss.USBD1     0x0000000020000cb0       0x68 /tmp/ch.elf.M99srx.ltrans0.ltrans.o
 .bss.buff      0x0000000020000d18       0x80 /tmp/ch.elf.M99srx.ltrans0.ltrans.o
 .bss.ch0       0x0000000020000d98       0x90 /tmp/ch.elf.M99srx.ltrans0.ltrans.o
 *fill*         0x0000000020000e28       0x18 
 .bss.ch_c0_idle_thread_wa
                0x0000000020000e40       0xe0 /tmp/ch.elf.M99srx.ltrans0.ltrans.o
 .bss.ch_factory
                0x0000000020000f20       0x48 /tmp/ch.elf.M99srx.ltrans0.ltrans.o
 .bss.ch_memcore
                0x0000000020000f68        0x8 /tmp/ch.elf.M99srx.ltrans0.ltrans.o
 .bss.ch_system
                0x0000000020000f70        0xc /tmp/ch.elf.M99srx.ltrans0.ltrans.o
 .bss.default_heap
                0x0000000020000f7c       0x24 /tmp/ch.elf.M99srx.ltrans0.ltrans.o
 .bss.kkk       0x0000000020000fa0        0x4 /tmp/ch.elf.M99srx.ltrans0.ltrans.o
 *(COMMON)
                0x0000000020000fa4                . = ALIGN (0x4)
                0x0000000020000fa4                __bss_end__ = .
                [!provide]                        PROVIDE (end = .)
                0x0000000020000000                __ram0_base__ = ORIGIN (ram0)
                0x0000000000020000                __ram0_size__ = LENGTH (ram0)
                0x0000000020020000                __ram0_end__ = (__ram0_base__ + __ram0_size__)
                0x0000000020000000                __ram1_base__ = ORIGIN (ram1)
                0x0000000000000000                __ram1_size__ = LENGTH (ram1)
                0x0000000020000000                __ram1_end__ = (__ram1_base__ + __ram1_size__)
                0x0000000020030000                __ram2_base__ = ORIGIN (ram2)
                0x0000000000000000                __ram2_size__ = LENGTH (ram2)
                0x0000000020030000                __ram2_end__ = (__ram2_base__ + __ram2_size__)
                0x0000000030000000                __ram3_base__ = ORIGIN (ram3)
                0x0000000000000000                __ram3_size__ = LENGTH (ram3)
                0x0000000030000000                __ram3_end__ = (__ram3_base__ + __ram3_size__)
                0x0000000030000000                __ram4_base__ = ORIGIN (ram4)
                0x0000000000000000                __ram4_size__ = LENGTH (ram4)
                0x0000000030000000                __ram4_end__ = (__ram4_base__ + __ram4_size__)
                0x0000000030030000                __ram5_base__ = ORIGIN (ram5)
                0x0000000000000000                __ram5_size__ = LENGTH (ram5)
                0x0000000030030000                __ram5_end__ = (__ram5_base__ + __ram5_size__)
                0x0000000000000000                __ram6_base__ = ORIGIN (ram6)
                0x0000000000000000                __ram6_size__ = LENGTH (ram6)
                0x0000000000000000                __ram6_end__ = (__ram6_base__ + __ram6_size__)
                0x0000000000000000                __ram7_base__ = ORIGIN (ram7)
                0x0000000000000000                __ram7_size__ = LENGTH (ram7)
                0x0000000000000000                __ram7_end__ = (__ram7_base__ + __ram7_size__)
                0x0000000008000000                __flash0_base__ = ORIGIN (flash0)
                0x0000000000080000                __flash0_size__ = LENGTH (flash0)
                0x0000000008080000                __flash0_end__ = (__flash0_base__ + __flash0_size__)
                0x000000000c000000                __flash1_base__ = ORIGIN (flash1)
                0x0000000000000000                __flash1_size__ = LENGTH (flash1)
                0x000000000c000000                __flash1_end__ = (__flash1_base__ + __flash1_size__)
                0x0000000000000000                __flash2_base__ = ORIGIN (flash2)
                0x0000000000000000                __flash2_size__ = LENGTH (flash2)
                0x0000000000000000                __flash2_end__ = (__flash2_base__ + __flash2_size__)
                0x0000000000000000                __flash3_base__ = ORIGIN (flash3)
                0x0000000000000000                __flash3_size__ = LENGTH (flash3)
                0x0000000000000000                __flash3_end__ = (__flash3_base__ + __flash3_size__)
                0x0000000000000000                __flash4_base__ = ORIGIN (flash4)
                0x0000000000000000                __flash4_size__ = LENGTH (flash4)
                0x0000000000000000                __flash4_end__ = (__flash4_base__ + __flash4_size__)
                0x0000000000000000                __flash5_base__ = ORIGIN (flash5)
                0x0000000000000000                __flash5_size__ = LENGTH (flash5)
                0x0000000000000000                __flash5_end__ = (__flash5_base__ + __flash5_size__)
                0x0000000000000000                __flash6_base__ = ORIGIN (flash6)
                0x0000000000000000                __flash6_size__ = LENGTH (flash6)
                0x0000000000000000                __flash6_end__ = (__flash6_base__ + __flash6_size__)
                0x0000000000000000                __flash7_base__ = ORIGIN (flash7)
                0x0000000000000000                __flash7_size__ = LENGTH (flash7)
                0x0000000000000000                __flash7_end__ = (__flash7_base__ + __flash7_size__)

.ram0_init      0x0000000020000fa4        0x0 load address 0x0000000008001f70
                0x0000000008001f70                __ram0_init_text__ = LOADADDR (.ram0_init)
                0x0000000020000fa4                __ram0_init__ = .
 *(.ram0_init)
 *(.ram0_init.*)
                0x0000000020000fa4                . = ALIGN (0x4)

.ram0           0x0000000020000fa4        0x0 load address 0x0000000008001f70
                0x0000000020000fa4                __ram0_clear__ = .
 *(.ram0_clear)
 *(.ram0_clear.*)
                0x0000000020000fa4                . = ALIGN (0x4)
                0x0000000020000fa4                __ram0_noinit__ = .
 *(.ram0)
 *(.ram0.*)
                0x0000000020000fa4                . = ALIGN (0x4)
                0x0000000020000fa4                __ram0_free__ = .

.ram1_init      0x0000000020000000        0x0 load address 0x0000000008001f70
                0x0000000008001f70                __ram1_init_text__ = LOADADDR (.ram1_init)
                0x0000000020000000                __ram1_init__ = .
 *(.ram1_init)
 *(.ram1_init.*)
                0x0000000020000000                . = ALIGN (0x4)

.ram1           0x0000000020000000        0x0 load address 0x0000000008001f70
                0x0000000020000000                __ram1_clear__ = .
 *(.ram1_clear)
 *(.ram1_clear.*)
                0x0000000020000000                . = ALIGN (0x4)
                0x0000000020000000                __ram1_noinit__ = .
 *(.ram1)
 *(.ram1.*)
                0x0000000020000000                . = ALIGN (0x4)
                0x0000000020000000                __ram1_free__ = .

.ram2_init      0x0000000020030000        0x0 load address 0x0000000008001f70
                0x0000000008001f70                __ram2_init_text__ = LOADADDR (.ram2_init)
                0x0000000020030000                __ram2_init__ = .
 *(.ram2_init)
 *(.ram2_init.*)
                0x0000000020030000                . = ALIGN (0x4)

.ram2           0x0000000020030000        0x0 load address 0x0000000008001f70
                0x0000000020030000                __ram2_clear__ = .
 *(.ram2_clear)
 *(.ram2_clear.*)
                0x0000000020030000                . = ALIGN (0x4)
                0x0000000020030000                __ram2_noinit__ = .
 *(.ram2)
 *(.ram2.*)
                0x0000000020030000                . = ALIGN (0x4)
                0x0000000020030000                __ram2_free__ = .

.ram3_init      0x0000000030000000        0x0 load address 0x0000000008001f70
                0x0000000008001f70                __ram3_init_text__ = LOADADDR (.ram3_init)
                0x0000000030000000                __ram3_init__ = .
 *(.ram3_init)
 *(.ram3_init.*)
                0x0000000030000000                . = ALIGN (0x4)

.ram3           0x0000000030000000        0x0 load address 0x0000000008001f70
                0x0000000030000000                __ram3_clear__ = .
 *(.ram3_clear)
 *(.ram3_clear.*)
                0x0000000030000000                . = ALIGN (0x4)
                0x0000000030000000                __ram3_noinit__ = .
 *(.ram3)
 *(.ram3.*)
                0x0000000030000000                . = ALIGN (0x4)
                0x0000000030000000                __ram3_free__ = .

.ram4_init      0x0000000030000000        0x0 load address 0x0000000008001f70
                0x0000000008001f70                __ram4_init_text__ = LOADADDR (.ram4_init)
                0x0000000030000000                __ram4_init__ = .
 *(.ram4_init)
 *(.ram4_init.*)
                0x0000000030000000                . = ALIGN (0x4)

.ram4           0x0000000030000000        0x0 load address 0x0000000008001f70
                0x0000000030000000                __ram4_clear__ = .
 *(.ram4_clear)
 *(.ram4_clear.*)
                0x0000000030000000                . = ALIGN (0x4)
                0x0000000030000000                __ram4_noinit__ = .
 *(.ram4)
 *(.ram4.*)
                0x0000000030000000                . = ALIGN (0x4)
                0x0000000030000000                __ram4_free__ = .

.ram5_init      0x0000000030030000        0x0 load address 0x0000000008001f70
                0x0000000008001f70                __ram5_init_text__ = LOADADDR (.ram5_init)
                0x0000000030030000                __ram5_init__ = .
 *(.ram5_init)
 *(.ram5_init.*)
                0x0000000030030000                . = ALIGN (0x4)

.ram5           0x0000000030030000        0x0 load address 0x0000000008001f70
                0x0000000030030000                __ram5_clear__ = .
 *(.ram5_clear)
 *(.ram5_clear.*)
                0x0000000030030000                . = ALIGN (0x4)
                0x0000000030030000                __ram5_noinit__ = .
 *(.ram5)
 *(.ram5.*)
                0x0000000030030000                . = ALIGN (0x4)
                0x0000000030030000                __ram5_free__ = .

.ram6_init      0x0000000000000000        0x0 load address 0x0000000008001f70
                0x0000000008001f70                __ram6_init_text__ = LOADADDR (.ram6_init)
                0x0000000000000000                __ram6_init__ = .
 *(.ram6_init)
 *(.ram6_init.*)
                0x0000000000000000                . = ALIGN (0x4)

.ram6           0x0000000000000000        0x0 load address 0x0000000008001f70
                0x0000000000000000                __ram6_clear__ = .
 *(.ram6_clear)
 *(.ram6_clear.*)
                0x0000000000000000                . = ALIGN (0x4)
                0x0000000000000000                __ram6_noinit__ = .
 *(.ram6)
 *(.ram6.*)
                0x0000000000000000                . = ALIGN (0x4)
                0x0000000000000000                __ram6_free__ = .

.ram7_init      0x0000000000000000        0x0 load address 0x0000000008001f70
                0x0000000008001f70                __ram7_init_text__ = LOADADDR (.ram7_init)
                0x0000000000000000                __ram7_init__ = .
 *(.ram7_init)
 *(.ram7_init.*)
                0x0000000000000000                . = ALIGN (0x4)

.ram7           0x0000000000000000        0x0 load address 0x0000000008001f70
                0x0000000000000000                __ram7_clear__ = .
 *(.ram7_clear)
 *(.ram7_clear.*)
                0x0000000000000000                . = ALIGN (0x4)
                0x0000000000000000                __ram7_noinit__ = .
 *(.ram7)
 *(.ram7.*)
                0x0000000000000000                . = ALIGN (0x4)
                0x0000000000000000                __ram7_free__ = .

.flash0         0x0000000008001f70        0x0
                0x0000000008001f70                __flash0_init__ = .
 *(.flash0_init)
 *(.flash0_init.*)
                0x0000000008001f70                __flash0_free__ = .

.flash1         0x000000000c000000        0x0
                0x000000000c000000                __flash1_init__ = .
 *(.flash1_init)
 *(.flash1_init.*)
                0x000000000c000000                __flash1_free__ = .

.flash2         0x0000000000000000        0x0
                0x0000000000000000                __flash2_init__ = .
 *(.flash2_init)
 *(.flash2_init.*)
                0x0000000000000000                __flash2_free__ = .

.flash3         0x0000000000000000        0x0
                0x0000000000000000                __flash3_init__ = .
 *(.flash3_init)
 *(.flash3_init.*)
                0x0000000000000000                __flash3_free__ = .

.flash4         0x0000000000000000        0x0
                0x0000000000000000                __flash4_init__ = .
 *(.flash4_init)
 *(.flash4_init.*)
                0x0000000000000000                __flash4_free__ = .

.flash5         0x0000000000000000        0x0
                0x0000000000000000                __flash5_init__ = .
 *(.flash5_init)
 *(.flash5_init.*)
                0x0000000000000000                __flash5_free__ = .

.flash6         0x0000000000000000        0x0
                0x0000000000000000                __flash6_init__ = .
 *(.flash6_init)
 *(.flash6_init.*)
                0x0000000000000000                __flash6_free__ = .

.flash7         0x0000000000000000        0x0
                0x0000000000000000                __flash7_init__ = .
 *(.flash7_init)
 *(.flash7_init.*)
                0x0000000000000000                __flash7_free__ = .

.heap           0x0000000020000fa4    0x1f05c
                0x0000000020000fa8                . = ALIGN (0x8)
 *fill*         0x0000000020000fa4        0x4 
                0x0000000020000fa8                __heap_base__ = .
                0x0000000020020000                . = (ORIGIN (HEAP_RAM) + LENGTH (HEAP_RAM))
 *fill*         0x0000000020000fa8    0x1f058 
                0x0000000020020000                __heap_end__ = .
                0x0000000000000400                __process_stack_size__ = 0x400
                0x0000000000000400                __main_stack_size__ = 0x400
LOAD /opt/gcc-arm-none-eabi-9-2020-q2-update/bin/../lib/gcc/arm-none-eabi/9.3.1/../../../../arm-none-eabi/lib/thumb/v8-m.main/nofp/libm.a
START GROUP
LOAD /opt/gcc-arm-none-eabi-9-2020-q2-update/bin/../lib/gcc/arm-none-eabi/9.3.1/thumb/v8-m.main/nofp/libgcc.a
LOAD /opt/gcc-arm-none-eabi-9-2020-q2-update/bin/../lib/gcc/arm-none-eabi/9.3.1/../../../../arm-none-eabi/lib/thumb/v8-m.main/nofp/libg.a
LOAD /opt/gcc-arm-none-eabi-9-2020-q2-update/bin/../lib/gcc/arm-none-eabi/9.3.1/../../../../arm-none-eabi/lib/thumb/v8-m.main/nofp/libc.a
END GROUP
OUTPUT(build/ch.elf elf32-littlearm)
LOAD linker stubs

.ARM.attributes
                0x0000000000000000       0x32
 .ARM.attributes
                0x0000000000000000       0x21 ./build/obj/vectors.o
 .ARM.attributes
                0x0000000000000021       0x24 ./build/obj/crt0_v8m-ml.o
 .ARM.attributes
                0x0000000000000045       0x21 ./build/obj/chcoreasm.o
 .ARM.attributes
                0x0000000000000066       0x32 /tmp/ch.elf.M99srx.ltrans0.ltrans.o
 .ARM.attributes
                0x0000000000000098       0x20 /opt/gcc-arm-none-eabi-9-2020-q2-update/bin/../lib/gcc/arm-none-eabi/9.3.1/../../../../arm-none-eabi/lib/thumb/v8-m.main/nofp/libg.a(lib_a-memcpy.o)

.comment        0x0000000000000000       0x4c
 .comment       0x0000000000000000       0x4c /tmp/ch.elf.M99srx.ltrans0.ltrans.o
                                         0x4d (size before relaxing)

.debug_line     0x0000000000000000     0xbdf7
 .debug_line    0x0000000000000000       0x69 ./build/obj/vectors.o
 .debug_line    0x0000000000000069       0xc5 ./build/obj/crt0_v8m-ml.o
 .debug_line    0x000000000000012e       0x7f ./build/obj/chcoreasm.o
 .debug_line    0x00000000000001ad     0x3c37 /tmp/ch.elf.M99srx.ltrans0.ltrans.o
 .debug_line    0x0000000000003de4      0x16e /tmp/ccXf3awK.debug.temp.o
 .debug_line    0x0000000000003f52      0x39e /tmp/cc8cjPpR.debug.temp.o
 .debug_line    0x00000000000042f0      0x393 /tmp/cc90yujY.debug.temp.o
 .debug_line    0x0000000000004683      0x3c7 /tmp/ccCjJad5.debug.temp.o
 .debug_line    0x0000000000004a4a      0x3e7 /tmp/ccTJMR6b.debug.temp.o
 .debug_line    0x0000000000004e31      0x3d5 /tmp/ccOGQz0i.debug.temp.o
 .debug_line    0x0000000000005206      0x3b3 /tmp/cc7xNiUp.debug.temp.o
 .debug_line    0x00000000000055b9      0x3b4 /tmp/cc2hLyBK.debug.temp.o
 .debug_line    0x000000000000596d      0x3d2 /tmp/ccjgglvR.debug.temp.o
 .debug_line    0x0000000000005d3f      0x378 /tmp/ccqrG8oY.debug.temp.o
 .debug_line    0x00000000000060b7      0x402 /tmp/ccntYWi5.debug.temp.o
 .debug_line    0x00000000000064b9      0x38d /tmp/ccUn5Lcc.debug.temp.o
 .debug_line    0x0000000000006846      0x406 /tmp/ccP61B6i.debug.temp.o
 .debug_line    0x0000000000006c4c      0x3c2 /tmp/ccyt0s0p.debug.temp.o
 .debug_line    0x000000000000700e      0x391 /tmp/cc97VkUw.debug.temp.o
 .debug_line    0x000000000000739f      0x3be /tmp/ccTwh7HK.debug.temp.o
 .debug_line    0x000000000000775d      0x2fe /tmp/ccX3PWvY.debug.temp.o
 .debug_line    0x0000000000007a5b      0x2e5 /tmp/ccmIOSp5.debug.temp.o
 .debug_line    0x0000000000007d40      0x343 /tmp/cc3k6K7p.debug.temp.o
 .debug_line    0x0000000000008083      0x2fe /tmp/ccEB3J1w.debug.temp.o
 .debug_line    0x0000000000008381      0x329 /tmp/ccBPNJVD.debug.temp.o
 .debug_line    0x00000000000086aa      0x357 /tmp/cccyhKPK.debug.temp.o
 .debug_line    0x0000000000008a01      0x304 /tmp/ccxmELJR.debug.temp.o
 .debug_line    0x0000000000008d05      0x328 /tmp/ccGoPNDY.debug.temp.o
 .debug_line    0x000000000000902d      0x32f /tmp/cc4ByUrc.debug.temp.o
 .debug_line    0x000000000000935c      0x334 /tmp/cceqO6fq.debug.temp.o
 .debug_line    0x0000000000009690      0x316 /tmp/ccaVjm4D.debug.temp.o
 .debug_line    0x00000000000099a6      0x2fa /tmp/ccd7bPMY.debug.temp.o
 .debug_line    0x0000000000009ca0      0x31d /tmp/ccmHi0G5.debug.temp.o
 .debug_line    0x0000000000009fbd      0x2fb /tmp/ccLVbcBc.debug.temp.o
 .debug_line    0x000000000000a2b8      0x332 /tmp/cc6swQjx.debug.temp.o
 .debug_line    0x000000000000a5ea      0x337 /tmp/cc5Ft5dE.debug.temp.o
 .debug_line    0x000000000000a921      0x318 /tmp/cceqjl8K.debug.temp.o
 .debug_line    0x000000000000ac39      0x16f /tmp/cc3zXB2R.debug.temp.o
 .debug_line    0x000000000000ada8      0x191 /tmp/ccqRiTWY.debug.temp.o
 .debug_line    0x000000000000af39      0x1b9 /tmp/ccfPobR5.debug.temp.o
 .debug_line    0x000000000000b0f2      0x1cf /tmp/ccYpmuLc.debug.temp.o
 .debug_line    0x000000000000b2c1      0x1cf /tmp/cctDdOFj.debug.temp.o
 .debug_line    0x000000000000b490      0x1cd /tmp/ccCT58zq.debug.temp.o
 .debug_line    0x000000000000b65d      0x3c8 /tmp/cc6iyCdS.debug.temp.o
 .debug_line    0x000000000000ba25      0x3d2 /tmp/ccbPsLLq.debug.temp.o

.debug_info     0x0000000000000000    0x40cbf
 .debug_info    0x0000000000000000       0x26 ./build/obj/vectors.o
 .debug_info    0x0000000000000026       0x26 ./build/obj/crt0_v8m-ml.o
 .debug_info    0x000000000000004c       0x26 ./build/obj/chcoreasm.o
 .debug_info    0x0000000000000072     0x48a7 /tmp/ch.elf.M99srx.ltrans0.ltrans.o
 .debug_info    0x0000000000004919      0x316 /tmp/ccXf3awK.debug.temp.o
                0x0000000000004919                crt1.c.7c6b74cd
 .debug_info    0x0000000000004c2f     0x18d3 /tmp/cc8cjPpR.debug.temp.o
                0x0000000000004c2f                hal.c.e28758df
 .debug_info    0x0000000000006502     0x19d0 /tmp/cc90yujY.debug.temp.o
                0x0000000000006502                hal_st.c.eb18eb90
 .debug_info    0x0000000000007ed2     0x1a9f /tmp/ccCjJad5.debug.temp.o
                0x0000000000007ed2                hal_buffered_serial.c.c4f8d895
 .debug_info    0x0000000000009971     0x28db /tmp/ccTJMR6b.debug.temp.o
                0x0000000000009971                hal_buffers.c.d45142e7
 .debug_info    0x000000000000c24c     0x26f4 /tmp/ccOGQz0i.debug.temp.o
                0x000000000000c24c                hal_queues.c.5fcd825a
 .debug_info    0x000000000000e940     0x1daf /tmp/cc7xNiUp.debug.temp.o
                0x000000000000e940                hal_flash.c.1bd0ab59
 .debug_info    0x00000000000106ef     0x1d7a /tmp/cc2hLyBK.debug.temp.o
                0x00000000000106ef                hal_serial.c.22d694b4
 .debug_info    0x0000000000012469     0x2670 /tmp/ccjgglvR.debug.temp.o
                0x0000000000012469                hal_usb.c.bd6cb64d
 .debug_info    0x0000000000014ad9     0x1932 /tmp/ccqrG8oY.debug.temp.o
                0x0000000000014ad9                hal_lld.c.b9f80a32
 .debug_info    0x000000000001640b     0x1db4 /tmp/ccntYWi5.debug.temp.o
                0x000000000001640b                hal_st_lld.c.f0faf9b3
 .debug_info    0x00000000000181bf     0x191f /tmp/ccUn5Lcc.debug.temp.o
                0x00000000000181bf                hal_pal_lld.c.2a79ffb4
 .debug_info    0x0000000000019ade     0x1fcd /tmp/ccP61B6i.debug.temp.o
                0x0000000000019ade                hal_serial_lld.c.b2aef9ba
 .debug_info    0x000000000001baab     0x2090 /tmp/ccyt0s0p.debug.temp.o
                0x000000000001baab                hal_usb_lld.c.54fe51b5
 .debug_info    0x000000000001db3b     0x1ea8 /tmp/cc97VkUw.debug.temp.o
                0x000000000001db3b                nvic.c.99ddbd36
 .debug_info    0x000000000001f9e3     0x1a78 /tmp/ccTwh7HK.debug.temp.o
                0x000000000001f9e3                board.c.7910e92e
 .debug_info    0x000000000002145b     0x152b /tmp/ccX3PWvY.debug.temp.o
                0x000000000002145b                chsys.c.c2f28d5c
 .debug_info    0x0000000000022986      0xd24 /tmp/ccmIOSp5.debug.temp.o
                0x0000000000022986                chrfcu.c.0029e1ef
 .debug_info    0x00000000000236aa     0x1c30 /tmp/cc3k6K7p.debug.temp.o
                0x00000000000236aa                chvt.c.d0137548
 .debug_info    0x00000000000252da     0x1212 /tmp/ccEB3J1w.debug.temp.o
                0x00000000000252da                chschd.c.3a813531
 .debug_info    0x00000000000264ec      0xec9 /tmp/ccBPNJVD.debug.temp.o
                0x00000000000264ec                chinstances.c.6af0b0c8
 .debug_info    0x00000000000273b5     0x1e99 /tmp/cccyhKPK.debug.temp.o
                0x00000000000273b5                chthreads.c.b6e7da0d
 .debug_info    0x000000000002924e     0x1b1b /tmp/ccxmELJR.debug.temp.o
                0x000000000002924e                chtm.c.2288d909
 .debug_info    0x000000000002ad69     0x16fd /tmp/ccGoPNDY.debug.temp.o
                0x000000000002ad69                chregistry.c.d612110f
 .debug_info    0x000000000002c466     0x18de /tmp/cc4ByUrc.debug.temp.o
                0x000000000002c466                chmtx.c.50e0dcf9
 .debug_info    0x000000000002dd44     0x1bb4 /tmp/cceqO6fq.debug.temp.o
                0x000000000002dd44                chevents.c.82024e83
 .debug_info    0x000000000002f8f8      0xfdd /tmp/ccaVjm4D.debug.temp.o
                0x000000000002f8f8                chdynamic.c.471abc8c
 .debug_info    0x00000000000308d5      0xee1 /tmp/ccd7bPMY.debug.temp.o
                0x00000000000308d5                chmemcore.c.7f398102
 .debug_info    0x00000000000317b6     0x192d /tmp/ccmHi0G5.debug.temp.o
                0x00000000000317b6                chmemheaps.c.b6e9b8f5
 .debug_info    0x00000000000330e3     0x1079 /tmp/ccLVbcBc.debug.temp.o
                0x00000000000330e3                chmempools.c.b21e4b5e
 .debug_info    0x000000000003415c     0x10f9 /tmp/cc6swQjx.debug.temp.o
                0x000000000003415c                chdelegates.c.781b92cd
 .debug_info    0x0000000000035255     0x1ef7 /tmp/cc5Ft5dE.debug.temp.o
                0x0000000000035255                chfactory.c.a320b067
 .debug_info    0x000000000003714c     0x230d /tmp/cceqjl8K.debug.temp.o
                0x000000000003714c                chcore.c.70c2834f
 .debug_info    0x0000000000039459      0x1ee /tmp/cc3zXB2R.debug.temp.o
                0x0000000000039459                system_gd32e50x.c.16438e2e
 .debug_info    0x0000000000039647      0x984 /tmp/ccqRiTWY.debug.temp.o
                0x0000000000039647                gd32e50x_misc.c.f11e5aef
 .debug_info    0x0000000000039fcb      0xea3 /tmp/ccfPobR5.debug.temp.o
                0x0000000000039fcb                gd32e50x_rcu.c.bb7fa4d2
 .debug_info    0x000000000003ae6e      0xff3 /tmp/ccYpmuLc.debug.temp.o
                0x000000000003ae6e                gd32e50x_timer.c.b1bdad22
 .debug_info    0x000000000003be61     0x11e9 /tmp/cctDdOFj.debug.temp.o
                0x000000000003be61                gd32e50x_usart.c.7be3ed2a
 .debug_info    0x000000000003d04a      0x61d /tmp/ccCT58zq.debug.temp.o
                0x000000000003d04a                gd32e50x_gpio.c.a21337b0
 .debug_info    0x000000000003d667     0x1cbd /tmp/cc6iyCdS.debug.temp.o
                0x000000000003d667                chprintf.c.1867cefe
 .debug_info    0x000000000003f324     0x199b /tmp/ccbPsLLq.debug.temp.o
                0x000000000003f324                main.c.668a7463

.debug_abbrev   0x0000000000000000     0x6915
 .debug_abbrev  0x0000000000000000       0x14 ./build/obj/vectors.o
 .debug_abbrev  0x0000000000000014       0x14 ./build/obj/crt0_v8m-ml.o
 .debug_abbrev  0x0000000000000028       0x14 ./build/obj/chcoreasm.o
 .debug_abbrev  0x000000000000003c      0x349 /tmp/ch.elf.M99srx.ltrans0.ltrans.o
 .debug_abbrev  0x0000000000000385       0xff /tmp/ccXf3awK.debug.temp.o
 .debug_abbrev  0x0000000000000484      0x222 /tmp/cc8cjPpR.debug.temp.o
 .debug_abbrev  0x00000000000006a6      0x299 /tmp/cc90yujY.debug.temp.o
 .debug_abbrev  0x000000000000093f      0x282 /tmp/ccCjJad5.debug.temp.o
 .debug_abbrev  0x0000000000000bc1      0x34e /tmp/ccTJMR6b.debug.temp.o
 .debug_abbrev  0x0000000000000f0f      0x361 /tmp/ccOGQz0i.debug.temp.o
 .debug_abbrev  0x0000000000001270      0x272 /tmp/cc7xNiUp.debug.temp.o
 .debug_abbrev  0x00000000000014e2      0x30a /tmp/cc2hLyBK.debug.temp.o
 .debug_abbrev  0x00000000000017ec      0x343 /tmp/ccjgglvR.debug.temp.o
 .debug_abbrev  0x0000000000001b2f      0x253 /tmp/ccqrG8oY.debug.temp.o
 .debug_abbrev  0x0000000000001d82      0x287 /tmp/ccntYWi5.debug.temp.o
 .debug_abbrev  0x0000000000002009      0x235 /tmp/ccUn5Lcc.debug.temp.o
 .debug_abbrev  0x000000000000223e      0x30b /tmp/ccP61B6i.debug.temp.o
 .debug_abbrev  0x0000000000002549      0x323 /tmp/ccyt0s0p.debug.temp.o
 .debug_abbrev  0x000000000000286c      0x29d /tmp/cc97VkUw.debug.temp.o
 .debug_abbrev  0x0000000000002b09      0x21c /tmp/ccTwh7HK.debug.temp.o
 .debug_abbrev  0x0000000000002d25      0x342 /tmp/ccX3PWvY.debug.temp.o
 .debug_abbrev  0x0000000000003067      0x1c6 /tmp/ccmIOSp5.debug.temp.o
 .debug_abbrev  0x000000000000322d      0x333 /tmp/cc3k6K7p.debug.temp.o
 .debug_abbrev  0x0000000000003560      0x276 /tmp/ccEB3J1w.debug.temp.o
 .debug_abbrev  0x00000000000037d6      0x23b /tmp/ccBPNJVD.debug.temp.o
 .debug_abbrev  0x0000000000003a11      0x34e /tmp/cccyhKPK.debug.temp.o
 .debug_abbrev  0x0000000000003d5f      0x284 /tmp/ccxmELJR.debug.temp.o
 .debug_abbrev  0x0000000000003fe3      0x2f3 /tmp/ccGoPNDY.debug.temp.o
 .debug_abbrev  0x00000000000042d6      0x339 /tmp/cc4ByUrc.debug.temp.o
 .debug_abbrev  0x000000000000460f      0x323 /tmp/cceqO6fq.debug.temp.o
 .debug_abbrev  0x0000000000004932      0x236 /tmp/ccaVjm4D.debug.temp.o
 .debug_abbrev  0x0000000000004b68      0x23c /tmp/ccd7bPMY.debug.temp.o
 .debug_abbrev  0x0000000000004da4      0x316 /tmp/ccmHi0G5.debug.temp.o
 .debug_abbrev  0x00000000000050ba      0x286 /tmp/ccLVbcBc.debug.temp.o
 .debug_abbrev  0x0000000000005340      0x26c /tmp/cc6swQjx.debug.temp.o
 .debug_abbrev  0x00000000000055ac      0x300 /tmp/cc5Ft5dE.debug.temp.o
 .debug_abbrev  0x00000000000058ac      0x2e9 /tmp/cceqjl8K.debug.temp.o
 .debug_abbrev  0x0000000000005b95       0xf7 /tmp/cc3zXB2R.debug.temp.o
 .debug_abbrev  0x0000000000005c8c      0x19f /tmp/ccqRiTWY.debug.temp.o
 .debug_abbrev  0x0000000000005e2b      0x15d /tmp/ccfPobR5.debug.temp.o
 .debug_abbrev  0x0000000000005f88      0x15f /tmp/ccYpmuLc.debug.temp.o
 .debug_abbrev  0x00000000000060e7      0x14e /tmp/cctDdOFj.debug.temp.o
 .debug_abbrev  0x0000000000006235      0x198 /tmp/ccCT58zq.debug.temp.o
 .debug_abbrev  0x00000000000063cd      0x2f6 /tmp/cc6iyCdS.debug.temp.o
 .debug_abbrev  0x00000000000066c3      0x252 /tmp/ccbPsLLq.debug.temp.o

.debug_aranges  0x0000000000000000      0x1e8
 .debug_aranges
                0x0000000000000000       0x20 ./build/obj/vectors.o
 .debug_aranges
                0x0000000000000020       0x20 ./build/obj/crt0_v8m-ml.o
 .debug_aranges
                0x0000000000000040       0x20 ./build/obj/chcoreasm.o
 .debug_aranges
                0x0000000000000060      0x188 /tmp/ch.elf.M99srx.ltrans0.ltrans.o

.debug_str      0x0000000000000000     0x7af8
 .debug_str     0x0000000000000000       0x6d ./build/obj/vectors.o
 .debug_str     0x000000000000006d       0x38 ./build/obj/crt0_v8m-ml.o
                                         0x71 (size before relaxing)
 .debug_str     0x00000000000000a5       0x38 ./build/obj/chcoreasm.o
                                         0x71 (size before relaxing)
 .debug_str     0x00000000000000dd      0x136 /tmp/ch.elf.M99srx.ltrans0.ltrans.o
                                        0x175 (size before relaxing)
 .debug_str     0x0000000000000213      0x405 /tmp/ccXf3awK.debug.temp.o
                                        0x491 (size before relaxing)
 .debug_str     0x0000000000000618      0xd54 /tmp/cc8cjPpR.debug.temp.o
                                       0x104a (size before relaxing)
 .debug_str     0x000000000000136c       0xec /tmp/cc90yujY.debug.temp.o
                                       0x1111 (size before relaxing)
 .debug_str     0x0000000000001458       0xb6 /tmp/ccCjJad5.debug.temp.o
                                       0x10e4 (size before relaxing)
 .debug_str     0x000000000000150e      0x698 /tmp/ccTJMR6b.debug.temp.o
                                       0x1727 (size before relaxing)
 .debug_str     0x0000000000001ba6       0xc1 /tmp/ccOGQz0i.debug.temp.o
                                       0x159f (size before relaxing)
 .debug_str     0x0000000000001c67      0x2e5 /tmp/cc7xNiUp.debug.temp.o
                                       0x132a (size before relaxing)
 .debug_str     0x0000000000001f4c      0x111 /tmp/cc2hLyBK.debug.temp.o
                                       0x11ce (size before relaxing)
 .debug_str     0x000000000000205d      0x1f8 /tmp/ccjgglvR.debug.temp.o
                                       0x167c (size before relaxing)
 .debug_str     0x0000000000002255       0x70 /tmp/ccqrG8oY.debug.temp.o
                                       0x1095 (size before relaxing)
 .debug_str     0x00000000000022c5      0x88a /tmp/ccntYWi5.debug.temp.o
                                       0x195e (size before relaxing)
 .debug_str     0x0000000000002b4f       0x5f /tmp/ccUn5Lcc.debug.temp.o
                                       0x108e (size before relaxing)
 .debug_str     0x0000000000002bae      0x332 /tmp/ccP61B6i.debug.temp.o
                                       0x1c1e (size before relaxing)
 .debug_str     0x0000000000002ee0      0x203 /tmp/ccyt0s0p.debug.temp.o
                                       0x1a57 (size before relaxing)
 .debug_str     0x00000000000030e3      0x233 /tmp/cc97VkUw.debug.temp.o
                                       0x1272 (size before relaxing)
 .debug_str     0x0000000000003316       0x24 /tmp/ccTwh7HK.debug.temp.o
                                       0x1292 (size before relaxing)
 .debug_str     0x000000000000333a      0x48f /tmp/ccX3PWvY.debug.temp.o
                                        0xeed (size before relaxing)
 .debug_str     0x00000000000037c9       0x44 /tmp/ccmIOSp5.debug.temp.o
                                        0x99c (size before relaxing)
 .debug_str     0x000000000000380d      0x256 /tmp/cc3k6K7p.debug.temp.o
                                       0x1033 (size before relaxing)
 .debug_str     0x0000000000003a63      0x19f /tmp/ccEB3J1w.debug.temp.o
                                        0xbc2 (size before relaxing)
 .debug_str     0x0000000000003c02      0x109 /tmp/ccBPNJVD.debug.temp.o
                                        0xab2 (size before relaxing)
 .debug_str     0x0000000000003d0b      0x2b2 /tmp/cccyhKPK.debug.temp.o
                                       0x10ed (size before relaxing)
 .debug_str     0x0000000000003fbd       0x8a /tmp/ccxmELJR.debug.temp.o
                                       0x10dc (size before relaxing)
 .debug_str     0x0000000000004047       0x9b /tmp/ccGoPNDY.debug.temp.o
                                        0xe2f (size before relaxing)
 .debug_str     0x00000000000040e2       0xc7 /tmp/cc4ByUrc.debug.temp.o
                                        0xea9 (size before relaxing)
 .debug_str     0x00000000000041a9      0x1d6 /tmp/cceqO6fq.debug.temp.o
                                        0xfd2 (size before relaxing)
 .debug_str     0x000000000000437f       0x94 /tmp/ccaVjm4D.debug.temp.o
                                        0xa80 (size before relaxing)
 .debug_str     0x0000000000004413       0xa4 /tmp/ccd7bPMY.debug.temp.o
                                        0xa47 (size before relaxing)
 .debug_str     0x00000000000044b7       0xd8 /tmp/ccmHi0G5.debug.temp.o
                                        0xe85 (size before relaxing)
 .debug_str     0x000000000000458f      0x136 /tmp/ccLVbcBc.debug.temp.o
                                        0xaf7 (size before relaxing)
 .debug_str     0x00000000000046c5      0x175 /tmp/cc6swQjx.debug.temp.o
                                        0xb2d (size before relaxing)
 .debug_str     0x000000000000483a      0x3e1 /tmp/cc5Ft5dE.debug.temp.o
                                       0x11bb (size before relaxing)
 .debug_str     0x0000000000004c1b      0x13d /tmp/cceqjl8K.debug.temp.o
                                       0x187d (size before relaxing)
 .debug_str     0x0000000000004d58       0xd6 /tmp/cc3zXB2R.debug.temp.o
                                        0x2c3 (size before relaxing)
 .debug_str     0x0000000000004e2e      0x1b2 /tmp/ccqRiTWY.debug.temp.o
                                        0xad1 (size before relaxing)
 .debug_str     0x0000000000004fe0      0xe24 /tmp/ccfPobR5.debug.temp.o
                                       0x12b4 (size before relaxing)
 .debug_str     0x0000000000005e04      0xb14 /tmp/ccYpmuLc.debug.temp.o
                                       0x103b (size before relaxing)
 .debug_str     0x0000000000006918      0xe32 /tmp/cctDdOFj.debug.temp.o
                                       0x1587 (size before relaxing)
 .debug_str     0x000000000000774a      0x261 /tmp/ccCT58zq.debug.temp.o
                                        0x721 (size before relaxing)
 .debug_str     0x00000000000079ab      0x12e /tmp/cc6iyCdS.debug.temp.o
                                       0x1188 (size before relaxing)
 .debug_str     0x0000000000007ad9       0x1f /tmp/ccbPsLLq.debug.temp.o
                                       0x1104 (size before relaxing)

.debug_loc      0x0000000000000000     0x4875
 .debug_loc     0x0000000000000000     0x4875 /tmp/ch.elf.M99srx.ltrans0.ltrans.o

.debug_ranges   0x0000000000000000     0x2ae0
 .debug_ranges  0x0000000000000000     0x2ae0 /tmp/ch.elf.M99srx.ltrans0.ltrans.o

.debug_frame    0x0000000000000000      0x534
 .debug_frame   0x0000000000000000      0x534 /tmp/ch.elf.M99srx.ltrans0.ltrans.o

Cross Reference Table

Symbol                                            File
BusFault_Handler                                  ./build/obj/vectors.o
DebugMon_Handler                                  ./build/obj/vectors.o
HardFault_Handler                                 ./build/obj/vectors.o
MemManage_Handler                                 ./build/obj/vectors.o
NMI_Handler                                       ./build/obj/vectors.o
PendSV_Handler                                    ./build/obj/vectors.o
Reset_Handler                                     ./build/obj/vectors.o
SD3                                               ./build/obj/hal_serial_lld.o (symbol from plugin)
                                                  ./build/obj/main.o (symbol from plugin)
SD4                                               ./build/obj/hal_serial_lld.o (symbol from plugin)
                                                  ./build/obj/main.o (symbol from plugin)
SVC_Handler                                       /tmp/ch.elf.M99srx.ltrans0.ltrans.o
                                                  ./build/obj/chcore.o (symbol from plugin)
                                                  ./build/obj/vectors.o
SecureFault_Handler                               ./build/obj/vectors.o
SysTick_Handler                                   ./build/obj/vectors.o
SystemCoreClock                                   ./build/obj/system_gd32e50x.o (symbol from plugin)
                                                  ./build/obj/hal_st_lld.o (symbol from plugin)
SystemCoreClockUpdate                             ./build/obj/system_gd32e50x.o (symbol from plugin)
SystemInit                                        ./build/obj/system_gd32e50x.o (symbol from plugin)
                                                  ./build/obj/board.o (symbol from plugin)
USBD1                                             ./build/obj/hal_usb_lld.o (symbol from plugin)
USBHS_TX_FIFO_SIZE                                ./build/obj/drv_usb_dev.o (symbol from plugin)
                                                  ./build/obj/hal_usb_lld.o (symbol from plugin)
UsageFault_Handler                                ./build/obj/vectors.o
Vector100                                         ./build/obj/vectors.o
Vector104                                         ./build/obj/vectors.o
Vector108                                         ./build/obj/vectors.o
Vector10C                                         ./build/obj/vectors.o
Vector110                                         /tmp/ch.elf.M99srx.ltrans0.ltrans.o
                                                  ./build/obj/hal_serial_lld.o (symbol from plugin)
                                                  ./build/obj/vectors.o
Vector114                                         /tmp/ch.elf.M99srx.ltrans0.ltrans.o
                                                  ./build/obj/hal_serial_lld.o (symbol from plugin)
                                                  ./build/obj/vectors.o
Vector118                                         ./build/obj/vectors.o
Vector11C                                         ./build/obj/vectors.o
Vector120                                         ./build/obj/vectors.o
Vector124                                         ./build/obj/vectors.o
Vector128                                         ./build/obj/vectors.o
Vector12C                                         ./build/obj/vectors.o
Vector130                                         ./build/obj/vectors.o
Vector134                                         ./build/obj/vectors.o
Vector138                                         ./build/obj/vectors.o
Vector13C                                         ./build/obj/vectors.o
Vector140                                         ./build/obj/vectors.o
Vector144                                         ./build/obj/vectors.o
Vector148                                         ./build/obj/vectors.o
Vector14C                                         /tmp/ch.elf.M99srx.ltrans0.ltrans.o
                                                  ./build/obj/hal_usb_lld.o (symbol from plugin)
                                                  ./build/obj/vectors.o
Vector150                                         ./build/obj/vectors.o
Vector154                                         ./build/obj/vectors.o
Vector158                                         ./build/obj/vectors.o
Vector15C                                         ./build/obj/vectors.o
Vector160                                         ./build/obj/vectors.o
Vector164                                         ./build/obj/vectors.o
Vector168                                         ./build/obj/vectors.o
Vector16C                                         ./build/obj/vectors.o
Vector170                                         ./build/obj/vectors.o
Vector174                                         ./build/obj/vectors.o
Vector178                                         ./build/obj/vectors.o
Vector17C                                         ./build/obj/vectors.o
Vector180                                         ./build/obj/vectors.o
Vector184                                         ./build/obj/vectors.o
Vector188                                         ./build/obj/vectors.o
Vector18C                                         ./build/obj/vectors.o
Vector190                                         ./build/obj/vectors.o
Vector194                                         ./build/obj/vectors.o
Vector198                                         ./build/obj/vectors.o
Vector19C                                         ./build/obj/vectors.o
Vector20                                          ./build/obj/vectors.o
Vector24                                          ./build/obj/vectors.o
Vector28                                          ./build/obj/vectors.o
Vector34                                          ./build/obj/vectors.o
Vector40                                          ./build/obj/vectors.o
Vector44                                          ./build/obj/vectors.o
Vector48                                          ./build/obj/vectors.o
Vector4C                                          ./build/obj/vectors.o
Vector50                                          ./build/obj/vectors.o
Vector54                                          ./build/obj/vectors.o
Vector58                                          ./build/obj/vectors.o
Vector5C                                          ./build/obj/vectors.o
Vector60                                          ./build/obj/vectors.o
Vector64                                          ./build/obj/vectors.o
Vector68                                          ./build/obj/vectors.o
Vector6C                                          ./build/obj/vectors.o
Vector70                                          ./build/obj/vectors.o
Vector74                                          ./build/obj/vectors.o
Vector78                                          ./build/obj/vectors.o
Vector7C                                          ./build/obj/vectors.o
Vector80                                          ./build/obj/vectors.o
Vector84                                          ./build/obj/vectors.o
Vector88                                          ./build/obj/vectors.o
Vector8C                                          ./build/obj/vectors.o
Vector90                                          ./build/obj/vectors.o
Vector94                                          ./build/obj/vectors.o
Vector98                                          ./build/obj/vectors.o
Vector9C                                          ./build/obj/vectors.o
VectorA0                                          ./build/obj/vectors.o
VectorA4                                          ./build/obj/vectors.o
VectorA8                                          ./build/obj/vectors.o
VectorAC                                          ./build/obj/vectors.o
VectorB0                                          /tmp/ch.elf.M99srx.ltrans0.ltrans.o
                                                  ./build/obj/hal_st_lld.o (symbol from plugin)
                                                  ./build/obj/vectors.o
VectorB4                                          ./build/obj/vectors.o
VectorB8                                          ./build/obj/vectors.o
VectorBC                                          ./build/obj/vectors.o
VectorC0                                          ./build/obj/vectors.o
VectorC4                                          ./build/obj/vectors.o
VectorC8                                          ./build/obj/vectors.o
VectorCC                                          ./build/obj/vectors.o
VectorD0                                          ./build/obj/vectors.o
VectorD4                                          ./build/obj/vectors.o
VectorD8                                          ./build/obj/vectors.o
VectorDC                                          ./build/obj/vectors.o
VectorE0                                          ./build/obj/vectors.o
VectorE4                                          ./build/obj/vectors.o
VectorE8                                          ./build/obj/vectors.o
VectorEC                                          ./build/obj/vectors.o
VectorF0                                          ./build/obj/vectors.o
VectorF4                                          ./build/obj/vectors.o
VectorF8                                          ./build/obj/vectors.o
VectorFC                                          ./build/obj/vectors.o
__bss_base__                                      ./build/obj/crt0_v8m-ml.o
__bss_end__                                       ./build/obj/crt0_v8m-ml.o
__ch_delegate_fn0                                 ./build/obj/chdelegates.o (symbol from plugin)
__ch_delegate_fn1                                 ./build/obj/chdelegates.o (symbol from plugin)
__ch_delegate_fn2                                 ./build/obj/chdelegates.o (symbol from plugin)
__ch_delegate_fn3                                 ./build/obj/chdelegates.o (symbol from plugin)
__ch_delegate_fn4                                 ./build/obj/chdelegates.o (symbol from plugin)
__ch_mem_executable_areas                         ./build/obj/chmemchecks.o (symbol from plugin)
__ch_mem_readable_areas                           ./build/obj/chmemchecks.o (symbol from plugin)
__ch_mem_writable_areas                           ./build/obj/chmemchecks.o (symbol from plugin)
__core_init                                       ./build/obj/chmemcore.o (symbol from plugin)
                                                  ./build/obj/chsys.o (symbol from plugin)
__cpu_init                                        /tmp/ch.elf.M99srx.ltrans0.ltrans.o
                                                  ./build/obj/crt1.o (symbol from plugin)
                                                  ./build/obj/crt0_v8m-ml.o
__data_base__                                     ./build/obj/crt0_v8m-ml.o
__data_end__                                      ./build/obj/crt0_v8m-ml.o
__default_exit                                    /tmp/ch.elf.M99srx.ltrans0.ltrans.o
                                                  ./build/obj/crt1.o (symbol from plugin)
                                                  ./build/obj/crt0_v8m-ml.o
__early_init                                      /tmp/ch.elf.M99srx.ltrans0.ltrans.o
                                                  ./build/obj/board.o (symbol from plugin)
                                                  ./build/obj/crt1.o (symbol from plugin)
                                                  ./build/obj/crt0_v8m-ml.o
__factory_init                                    ./build/obj/chfactory.o (symbol from plugin)
                                                  ./build/obj/chsys.o (symbol from plugin)
__fini_array_base__                               ./build/obj/crt0_v8m-ml.o
__fini_array_end__                                ./build/obj/crt0_v8m-ml.o
__heap_base__                                     /tmp/ch.elf.M99srx.ltrans0.ltrans.o
                                                  ./build/obj/chmemcore.o (symbol from plugin)
__heap_end__                                      /tmp/ch.elf.M99srx.ltrans0.ltrans.o
                                                  ./build/obj/chmemcore.o (symbol from plugin)
__heap_init                                       ./build/obj/chmemheaps.o (symbol from plugin)
                                                  ./build/obj/chsys.o (symbol from plugin)
__init_array_base__                               ./build/obj/crt0_v8m-ml.o
__init_array_end__                                ./build/obj/crt0_v8m-ml.o
__init_ram_areas                                  /tmp/ch.elf.M99srx.ltrans0.ltrans.o
                                                  ./build/obj/crt1.o (symbol from plugin)
                                                  ./build/obj/crt0_v8m-ml.o
__late_init                                       /tmp/ch.elf.M99srx.ltrans0.ltrans.o
                                                  ./build/obj/crt1.o (symbol from plugin)
                                                  ./build/obj/crt0_v8m-ml.o
__main_stack_base__                               ./build/obj/crt0_v8m-ml.o
__main_stack_end__                                ./build/obj/crt0_v8m-ml.o
                                                  ./build/obj/vectors.o
__main_thread_stack_base__                        /tmp/ch.elf.M99srx.ltrans0.ltrans.o
                                                  ./build/obj/chsys.o (symbol from plugin)
__main_thread_stack_end__                         /tmp/ch.elf.M99srx.ltrans0.ltrans.o
                                                  ./build/obj/chsys.o (symbol from plugin)
__port_exit_from_isr                              ./build/obj/chcoreasm.o
                                                  /tmp/ch.elf.M99srx.ltrans0.ltrans.o
                                                  ./build/obj/chcore.o (symbol from plugin)
__port_irq_epilogue                               ./build/obj/chcore.o (symbol from plugin)
                                                  ./build/obj/hal_usb_lld.o (symbol from plugin)
                                                  ./build/obj/hal_serial_lld.o (symbol from plugin)
                                                  ./build/obj/hal_st_lld.o (symbol from plugin)
__port_switch                                     ./build/obj/chcoreasm.o
                                                  /tmp/ch.elf.M99srx.ltrans0.ltrans.o
                                                  ./build/obj/chschd.o (symbol from plugin)
__port_switch_from_isr                            ./build/obj/chcoreasm.o
                                                  /tmp/ch.elf.M99srx.ltrans0.ltrans.o
                                                  ./build/obj/chcore.o (symbol from plugin)
__port_thread_start                               ./build/obj/chcoreasm.o
                                                  /tmp/ch.elf.M99srx.ltrans0.ltrans.o
                                                  ./build/obj/chthreads.o (symbol from plugin)
__process_stack_base__                            ./build/obj/crt0_v8m-ml.o
__process_stack_end__                             ./build/obj/crt0_v8m-ml.o
__ram0_clear__                                    /tmp/ch.elf.M99srx.ltrans0.ltrans.o
                                                  ./build/obj/crt1.o (symbol from plugin)
__ram0_init__                                     /tmp/ch.elf.M99srx.ltrans0.ltrans.o
                                                  ./build/obj/crt1.o (symbol from plugin)
__ram0_init_text__                                /tmp/ch.elf.M99srx.ltrans0.ltrans.o
                                                  ./build/obj/crt1.o (symbol from plugin)
__ram0_noinit__                                   /tmp/ch.elf.M99srx.ltrans0.ltrans.o
                                                  ./build/obj/crt1.o (symbol from plugin)
__ram1_clear__                                    /tmp/ch.elf.M99srx.ltrans0.ltrans.o
                                                  ./build/obj/crt1.o (symbol from plugin)
__ram1_init__                                     /tmp/ch.elf.M99srx.ltrans0.ltrans.o
                                                  ./build/obj/crt1.o (symbol from plugin)
__ram1_init_text__                                /tmp/ch.elf.M99srx.ltrans0.ltrans.o
                                                  ./build/obj/crt1.o (symbol from plugin)
__ram1_noinit__                                   /tmp/ch.elf.M99srx.ltrans0.ltrans.o
                                                  ./build/obj/crt1.o (symbol from plugin)
__ram2_clear__                                    /tmp/ch.elf.M99srx.ltrans0.ltrans.o
                                                  ./build/obj/crt1.o (symbol from plugin)
__ram2_init__                                     /tmp/ch.elf.M99srx.ltrans0.ltrans.o
                                                  ./build/obj/crt1.o (symbol from plugin)
__ram2_init_text__                                /tmp/ch.elf.M99srx.ltrans0.ltrans.o
                                                  ./build/obj/crt1.o (symbol from plugin)
__ram2_noinit__                                   /tmp/ch.elf.M99srx.ltrans0.ltrans.o
                                                  ./build/obj/crt1.o (symbol from plugin)
__ram3_clear__                                    /tmp/ch.elf.M99srx.ltrans0.ltrans.o
                                                  ./build/obj/crt1.o (symbol from plugin)
__ram3_init__                                     /tmp/ch.elf.M99srx.ltrans0.ltrans.o
                                                  ./build/obj/crt1.o (symbol from plugin)
__ram3_init_text__                                /tmp/ch.elf.M99srx.ltrans0.ltrans.o
                                                  ./build/obj/crt1.o (symbol from plugin)
__ram3_noinit__                                   /tmp/ch.elf.M99srx.ltrans0.ltrans.o
                                                  ./build/obj/crt1.o (symbol from plugin)
__ram4_clear__                                    /tmp/ch.elf.M99srx.ltrans0.ltrans.o
                                                  ./build/obj/crt1.o (symbol from plugin)
__ram4_init__                                     /tmp/ch.elf.M99srx.ltrans0.ltrans.o
                                                  ./build/obj/crt1.o (symbol from plugin)
__ram4_init_text__                                /tmp/ch.elf.M99srx.ltrans0.ltrans.o
                                                  ./build/obj/crt1.o (symbol from plugin)
__ram4_noinit__                                   /tmp/ch.elf.M99srx.ltrans0.ltrans.o
                                                  ./build/obj/crt1.o (symbol from plugin)
__ram5_clear__                                    /tmp/ch.elf.M99srx.ltrans0.ltrans.o
                                                  ./build/obj/crt1.o (symbol from plugin)
__ram5_init__                                     /tmp/ch.elf.M99srx.ltrans0.ltrans.o
                                                  ./build/obj/crt1.o (symbol from plugin)
__ram5_init_text__                                /tmp/ch.elf.M99srx.ltrans0.ltrans.o
                                                  ./build/obj/crt1.o (symbol from plugin)
__ram5_noinit__                                   /tmp/ch.elf.M99srx.ltrans0.ltrans.o
                                                  ./build/obj/crt1.o (symbol from plugin)
__ram6_clear__                                    /tmp/ch.elf.M99srx.ltrans0.ltrans.o
                                                  ./build/obj/crt1.o (symbol from plugin)
__ram6_init__                                     /tmp/ch.elf.M99srx.ltrans0.ltrans.o
                                                  ./build/obj/crt1.o (symbol from plugin)
__ram6_init_text__                                /tmp/ch.elf.M99srx.ltrans0.ltrans.o
                                                  ./build/obj/crt1.o (symbol from plugin)
__ram6_noinit__                                   /tmp/ch.elf.M99srx.ltrans0.ltrans.o
                                                  ./build/obj/crt1.o (symbol from plugin)
__ram7_clear__                                    /tmp/ch.elf.M99srx.ltrans0.ltrans.o
                                                  ./build/obj/crt1.o (symbol from plugin)
__ram7_init__                                     /tmp/ch.elf.M99srx.ltrans0.ltrans.o
                                                  ./build/obj/crt1.o (symbol from plugin)
__ram7_init_text__                                /tmp/ch.elf.M99srx.ltrans0.ltrans.o
                                                  ./build/obj/crt1.o (symbol from plugin)
__ram7_noinit__                                   /tmp/ch.elf.M99srx.ltrans0.ltrans.o
                                                  ./build/obj/crt1.o (symbol from plugin)
__textdata_base__                                 ./build/obj/crt0_v8m-ml.o
__thd_object_init                                 ./build/obj/chthreads.o (symbol from plugin)
                                                  ./build/obj/chinstances.o (symbol from plugin)
_crt0_entry                                       ./build/obj/crt0_v8m-ml.o
                                                  ./build/obj/vectors.o
_ctype_                                           /opt/gcc-arm-none-eabi-9-2020-q2-update/bin/../lib/gcc/arm-none-eabi/9.3.1/../../../../arm-none-eabi/lib/thumb/v8-m.main/nofp/libg.a(lib_a-ctype_.o)
                                                  ./build/obj/chscanf.o (symbol from plugin)
_pal_lld_init                                     ./build/obj/hal_pal_lld.o (symbol from plugin)
                                                  ./build/obj/hal.o (symbol from plugin)
_pal_lld_setgroupmode                             ./build/obj/hal_pal_lld.o (symbol from plugin)
                                                  ./build/obj/hal_pal.o (symbol from plugin)
_unhandled_exception                              ./build/obj/vectors.o
_usb_ep0in                                        ./build/obj/hal_usb.o (symbol from plugin)
                                                  ./build/obj/hal_usb_lld.o (symbol from plugin)
_usb_ep0out                                       ./build/obj/hal_usb.o (symbol from plugin)
                                                  ./build/obj/hal_usb_lld.o (symbol from plugin)
_usb_ep0setup                                     ./build/obj/hal_usb.o (symbol from plugin)
                                                  ./build/obj/hal_usb_lld.o (symbol from plugin)
_usb_reset                                        ./build/obj/hal_usb.o (symbol from plugin)
_usb_suspend                                      ./build/obj/hal_usb.o (symbol from plugin)
_usb_wakeup                                       ./build/obj/hal_usb.o (symbol from plugin)
_vectors                                          ./build/obj/vectors.o
                                                  ./build/obj/crt0_v8m-ml.o
board.c.7910e92e                                  /tmp/ccTwh7HK.debug.temp.o
                                                  /tmp/ch.elf.M99srx.ltrans0.ltrans.o
boardInit                                         ./build/obj/board.o (symbol from plugin)
                                                  ./build/obj/hal.o (symbol from plugin)
bsIncomingDataI                                   ./build/obj/hal_buffered_serial.o (symbol from plugin)
bsRequestDataI                                    ./build/obj/hal_buffered_serial.o (symbol from plugin)
bsaObjectInit                                     ./build/obj/bufstreams.o (symbol from plugin)
buff                                              ./build/obj/main.o (symbol from plugin)
bufstreams.c.2d61fa47                             /tmp/cc8RejRj.debug.temp.o
ch0                                               ./build/obj/chsys.o (symbol from plugin)
                                                  ./build/obj/chmsg.o (symbol from plugin)
                                                  ./build/obj/chevents.o (symbol from plugin)
                                                  ./build/obj/chcond.o (symbol from plugin)
                                                  ./build/obj/chmtx.o (symbol from plugin)
                                                  ./build/obj/chsem.o (symbol from plugin)
                                                  ./build/obj/chregistry.o (symbol from plugin)
                                                  ./build/obj/chthreads.o (symbol from plugin)
                                                  ./build/obj/chschd.o (symbol from plugin)
                                                  ./build/obj/chvt.o (symbol from plugin)
                                                  ./build/obj/chrfcu.o (symbol from plugin)
chCacheGetObject                                  ./build/obj/chobjcaches.o (symbol from plugin)
chCacheObjectInit                                 ./build/obj/chobjcaches.o (symbol from plugin)
chCacheReadObject                                 ./build/obj/chobjcaches.o (symbol from plugin)
chCacheReleaseObjectI                             ./build/obj/chobjcaches.o (symbol from plugin)
chCacheWriteObject                                ./build/obj/chobjcaches.o (symbol from plugin)
chCondBroadcast                                   ./build/obj/chcond.o (symbol from plugin)
chCondBroadcastI                                  ./build/obj/chcond.o (symbol from plugin)
chCondObjectDispose                               ./build/obj/chcond.o (symbol from plugin)
chCondObjectInit                                  ./build/obj/chcond.o (symbol from plugin)
chCondSignal                                      ./build/obj/chcond.o (symbol from plugin)
chCondSignalI                                     ./build/obj/chcond.o (symbol from plugin)
chCondWait                                        ./build/obj/chcond.o (symbol from plugin)
chCondWaitS                                       ./build/obj/chcond.o (symbol from plugin)
chCondWaitTimeout                                 ./build/obj/chcond.o (symbol from plugin)
chCondWaitTimeoutS                                ./build/obj/chcond.o (symbol from plugin)
chCoreAllocFromBase                               ./build/obj/chmemcore.o (symbol from plugin)
chCoreAllocFromBaseI                              ./build/obj/chmemcore.o (symbol from plugin)
chCoreAllocFromTop                                ./build/obj/chmemcore.o (symbol from plugin)
                                                  ./build/obj/chmemheaps.o (symbol from plugin)
chCoreAllocFromTopI                               ./build/obj/chmemcore.o (symbol from plugin)
                                                  ./build/obj/chfactory.o (symbol from plugin)
chCoreGetStatusX                                  ./build/obj/chmemcore.o (symbol from plugin)
                                                  ./build/obj/chmemheaps.o (symbol from plugin)
chDelegateCallVeneer                              ./build/obj/chdelegates.o (symbol from plugin)
chDelegateDispatch                                ./build/obj/chdelegates.o (symbol from plugin)
chDelegateDispatchTimeout                         ./build/obj/chdelegates.o (symbol from plugin)
chEvtAddEvents                                    ./build/obj/chevents.o (symbol from plugin)
chEvtBroadcastFlags                               ./build/obj/chevents.o (symbol from plugin)
chEvtBroadcastFlagsI                              ./build/obj/chevents.o (symbol from plugin)
                                                  ./build/obj/hal_serial_lld.o (symbol from plugin)
                                                  ./build/obj/hal_serial.o (symbol from plugin)
                                                  ./build/obj/hal_buffered_serial.o (symbol from plugin)
chEvtDispatch                                     ./build/obj/chevents.o (symbol from plugin)
chEvtGetAndClearEvents                            ./build/obj/chevents.o (symbol from plugin)
chEvtGetAndClearEventsI                           ./build/obj/chevents.o (symbol from plugin)
chEvtGetAndClearFlags                             ./build/obj/chevents.o (symbol from plugin)
chEvtGetAndClearFlagsI                            ./build/obj/chevents.o (symbol from plugin)
chEvtObjectDispose                                ./build/obj/chevents.o (symbol from plugin)
chEvtObjectInit                                   ./build/obj/chevents.o (symbol from plugin)
                                                  ./build/obj/hal_serial.o (symbol from plugin)
chEvtRegisterMaskWithFlags                        ./build/obj/chevents.o (symbol from plugin)
                                                  ./build/obj/main.o (symbol from plugin)
chEvtRegisterMaskWithFlagsI                       ./build/obj/chevents.o (symbol from plugin)
chEvtSignal                                       ./build/obj/chevents.o (symbol from plugin)
chEvtSignalI                                      ./build/obj/chevents.o (symbol from plugin)
chEvtUnregister                                   ./build/obj/chevents.o (symbol from plugin)
chEvtWaitAll                                      ./build/obj/chevents.o (symbol from plugin)
chEvtWaitAllTimeout                               ./build/obj/chevents.o (symbol from plugin)
chEvtWaitAny                                      ./build/obj/chevents.o (symbol from plugin)
chEvtWaitAnyTimeout                               ./build/obj/chevents.o (symbol from plugin)
chEvtWaitOne                                      ./build/obj/chevents.o (symbol from plugin)
                                                  ./build/obj/main.o (symbol from plugin)
chEvtWaitOneTimeout                               ./build/obj/chevents.o (symbol from plugin)
chFactoryCreateBuffer                             ./build/obj/chfactory.o (symbol from plugin)
chFactoryCreateMailbox                            ./build/obj/chfactory.o (symbol from plugin)
chFactoryCreateObjectsFIFO                        ./build/obj/chfactory.o (symbol from plugin)
chFactoryCreatePipe                               ./build/obj/chfactory.o (symbol from plugin)
chFactoryCreateSemaphore                          ./build/obj/chfactory.o (symbol from plugin)
chFactoryFindBuffer                               ./build/obj/chfactory.o (symbol from plugin)
chFactoryFindMailbox                              ./build/obj/chfactory.o (symbol from plugin)
chFactoryFindObject                               ./build/obj/chfactory.o (symbol from plugin)
chFactoryFindObjectByPointer                      ./build/obj/chfactory.o (symbol from plugin)
chFactoryFindObjectsFIFO                          ./build/obj/chfactory.o (symbol from plugin)
chFactoryFindPipe                                 ./build/obj/chfactory.o (symbol from plugin)
chFactoryFindSemaphore                            ./build/obj/chfactory.o (symbol from plugin)
chFactoryRegisterObject                           ./build/obj/chfactory.o (symbol from plugin)
chFactoryReleaseBuffer                            ./build/obj/chfactory.o (symbol from plugin)
chFactoryReleaseMailbox                           ./build/obj/chfactory.o (symbol from plugin)
chFactoryReleaseObject                            ./build/obj/chfactory.o (symbol from plugin)
chFactoryReleaseObjectsFIFO                       ./build/obj/chfactory.o (symbol from plugin)
chFactoryReleasePipe                              ./build/obj/chfactory.o (symbol from plugin)
chFactoryReleaseSemaphore                         ./build/obj/chfactory.o (symbol from plugin)
chGuardedPoolAllocTimeout                         ./build/obj/chmempools.o (symbol from plugin)
chGuardedPoolAllocTimeoutS                        ./build/obj/chmempools.o (symbol from plugin)
chGuardedPoolFree                                 ./build/obj/chmempools.o (symbol from plugin)
chGuardedPoolLoadArray                            ./build/obj/chmempools.o (symbol from plugin)
                                                  ./build/obj/chfactory.o (symbol from plugin)
chGuardedPoolObjectInitAligned                    ./build/obj/chmempools.o (symbol from plugin)
                                                  ./build/obj/chfactory.o (symbol from plugin)
chHeapAllocAligned                                ./build/obj/chmemheaps.o (symbol from plugin)
                                                  ./build/obj/chfactory.o (symbol from plugin)
                                                  ./build/obj/chdynamic.o (symbol from plugin)
chHeapFree                                        ./build/obj/chmemheaps.o (symbol from plugin)
                                                  ./build/obj/chfactory.o (symbol from plugin)
                                                  ./build/obj/chthreads.o (symbol from plugin)
chHeapIntegrityCheck                              ./build/obj/chmemheaps.o (symbol from plugin)
chHeapObjectInit                                  ./build/obj/chmemheaps.o (symbol from plugin)
chHeapStatus                                      ./build/obj/chmemheaps.o (symbol from plugin)
chInstanceObjectInit                              ./build/obj/chinstances.o (symbol from plugin)
                                                  ./build/obj/chsys.o (symbol from plugin)
chMBFetchI                                        ./build/obj/chmboxes.o (symbol from plugin)
chMBFetchTimeout                                  ./build/obj/chmboxes.o (symbol from plugin)
chMBFetchTimeoutS                                 ./build/obj/chmboxes.o (symbol from plugin)
chMBObjectInit                                    ./build/obj/chmboxes.o (symbol from plugin)
                                                  ./build/obj/chfactory.o (symbol from plugin)
chMBPostAheadI                                    ./build/obj/chmboxes.o (symbol from plugin)
chMBPostAheadTimeout                              ./build/obj/chmboxes.o (symbol from plugin)
chMBPostAheadTimeoutS                             ./build/obj/chmboxes.o (symbol from plugin)
chMBPostI                                         ./build/obj/chmboxes.o (symbol from plugin)
chMBPostTimeout                                   ./build/obj/chmboxes.o (symbol from plugin)
chMBPostTimeoutS                                  ./build/obj/chmboxes.o (symbol from plugin)